[00:00:33] [PROJET] Chargé : Zimnitrita
[00:00:41] [GENERATION] Parametres pipeline sauvegardes
[00:00:41] [GENERATION] Mapping masques sauvegarde
[00:00:56] [GENERATION] Preview chargee : pipeline_preview.png
[00:03:59] [PROJET] Chargé : Zimnitrita
[00:04:05] [GENERATION] Parametres pipeline sauvegardes
[00:04:05] [GENERATION] Mapping masques sauvegarde
[00:04:20] [GENERATION] Preview chargee : pipeline_preview.png
[00:07:11] [PROJET] Chargé : Zimnitrita
[00:07:17] [GENERATION] Parametres pipeline sauvegardes
[00:07:17] [GENERATION] Mapping masques sauvegarde
[00:07:32] [GENERATION] Preview chargee : pipeline_preview.png
[00:10:30] [PROJET] Chargé : Zimnitrita
[00:10:36] [GENERATION] Parametres pipeline sauvegardes
[00:10:36] [GENERATION] Mapping masques sauvegarde
[00:10:51] [GENERATION] Preview chargee : pipeline_preview.png
[10:59:03] [PROJET] Chargé : Zimnitrita
[11:14:43] [PROJET] Chargé : Zimnitrita
[11:15:49] [SATMAP] Satmap v2.0 generee : satmap_v2_textured_4097.png
[11:20:34] [PROJET] Chargé : Zimnitrita
[11:21:24] [SATMAP] Classification K-means : 5 masks
[11:23:44] [PROJET] Chargé : Zimnitrita
[11:24:50] [SATMAP] Classification K-means : 5 masks
[11:27:17] [PROJET] Chargé : Zimnitrita
[11:29:16] [PROJET] Chargé : Zimnitrita
[11:29:35] [SATMAP] Classification K-means : 5 masks
[11:45:59] [PROJET] Chargé : Zimnitrita
[11:46:22] [SATMAP] Classification K-means : 5 masks
[11:47:35] [PROJET] Chargé : Zimnitrita
[11:47:52] [SATMAP] Classification K-means : 5 masks
[11:49:24] [PROJET] Chargé : Zimnitrita
[11:50:28] [SATMAP] Classification K-means : 5 masks
[11:54:08] [PROJET] Chargé : Zimnitrita
[11:54:37] [SATMAP] Classification K-means : 5 masks
[11:58:00] [PROJET] Chargé : Zimnitrita
[11:58:29] [SATMAP] Classification K-means : 5 masks
[11:59:11] [PROJET] Chargé : Zimnitrita
[11:59:39] [SATMAP] Classification K-means : 5 masks
[12:01:59] [PROJET] Chargé : Zimnitrita
[12:02:13] [SATMAP] Classification K-means : 5 masks
[12:07:43] [PROJET] Chargé : Zimnitrita
[12:08:14] [SATMAP] Classification K-means : 5 masks
[12:11:12] [PROJET] Chargé : Zimnitrita
[12:11:29] [SATMAP] Classification K-means : 5 masks
[12:14:43] [PROJET] Chargé : Zimnitrita
[12:19:17] [PROJET] Chargé : Zimnitrita
[12:19:34] [SATMAP] Classification K-means : 5 masks
[12:21:56] [PROJET] Chargé : Zimnitrita
[12:22:11] [SATMAP] Classification K-means : 5 masks
[12:25:58] [PROJET] Chargé : Zimnitrita
[12:26:25] [SATMAP] Classification K-means : 5 masks
[12:30:42] [PROJET] Chargé : Zimnitrita
[12:30:57] [SATMAP] Classification K-means : 5 masks
[12:30:57] [SATMAP] Classification terminee : 5 masks
[12:34:12] [PROJET] Chargé : Zimnitrita
[12:34:28] [SATMAP] Classification terminee : 5 masks
[12:39:31] [PROJET] Chargé : Zimnitrita
[12:53:09] [PROJET] Chargé : Zimnitrita
[12:56:53] [PROJET] Chargé : Zimnitrita
[12:57:31] [CORRECTIONS] Scan global termine
[12:58:15] [CORRECTIONS] Inspect (16,16) mode=inspect
[12:59:28] [CORRECTIONS] Sante terrain : 100 OK / 0 warn / 0 err
[12:59:39] [CORRECTIONS] Inventaire : 0 .ttile manquants
[13:05:27] [PROJET] Chargé : Zimnitrita
[13:05:44] [CORRECTIONS] Inspect (16,16) mode=inspect
[13:41:47] [PROJET] Chargé : Zimnitrita
[14:00:56] [PROJET] Chargé : Zimnitrita
[14:03:36] [PROJET] Chargé : Zimnitrita
[14:09:20] [PROJET] Chargé : Zimnitrita
[14:11:52] [PROJET] Chargé : Zimnitrita
[14:17:54] [PROJET] Chargé : Zimnitrita
