
================================================================================
TEST SATMAP SIMPLE — LECTURE DIRECTE QTRE
================================================================================

[INFO] Monde : I:\reforger_travail\Zimnitrita_map\World\Zimnitrita\Terrain\Terrain.terr
[INFO] Sortie : output\satmap_simple

────────────────────────────────────────────────────────────────────────────────
TEST 1 : MODE COULEURS (rapide)
────────────────────────────────────────────────────────────────────────────────

  [  0%] Initialisation
  [ 10%] Lecture terrain QTRE
[INFO] Auto-détection dimensions terrain depuis 1076 .ttile...
  [200/1076] Analyse en cours...
  [400/1076] Analyse en cours...
  [600/1076] Analyse en cours...
  [800/1076] Analyse en cours...
  [1000/1076] Analyse en cours...
  [1076/1076] Analyse en cours...
[INFO] Dimensions détectées : 128×128 blocs
[INFO] ✅ Dimensions validées (carte 16km standard)
[INFO] Résolution native : 16384×16384 px
[INFO] Résolution export : 4097×4097 px (downscale 0.250x pour économiser RAM)
  [ 10%] Export masques : Tuile 1/1076
  [ 10%] Export masques : Tuile 2/1076
  [ 10%] Export masques : Tuile 3/1076
  [ 10%] Export masques : Tuile 4/1076
  [ 10%] Export masques : Tuile 5/1076
  [ 10%] Export masques : Tuile 6/1076
  [ 10%] Export masques : Tuile 7/1076
  [ 10%] Export masques : Tuile 8/1076
  [ 10%] Export masques : Tuile 9/1076
  [ 10%] Export masques : Tuile 10/1076
  [ 10%] Export masques : Tuile 11/1076
  [ 10%] Export masques : Tuile 12/1076
  [ 10%] Export masques : Tuile 13/1076
  [ 10%] Export masques : Tuile 14/1076
  [ 10%] Export masques : Tuile 15/1076
  [ 10%] Export masques : Tuile 16/1076
  [ 10%] Export masques : Tuile 17/1076
  [ 10%] Export masques : Tuile 18/1076
  [ 10%] Export masques : Tuile 19/1076
  [ 10%] Export masques : Tuile 20/1076
  [ 10%] Export masques : Tuile 21/1076
  [ 10%] Export masques : Tuile 22/1076
  [ 10%] Export masques : Tuile 23/1076
  [ 10%] Export masques : Tuile 24/1076
  [ 10%] Export masques : Tuile 25/1076
  [ 10%] Export masques : Tuile 26/1076
  [ 11%] Export masques : Tuile 27/1076
  [ 11%] Export masques : Tuile 28/1076
  [ 11%] Export masques : Tuile 29/1076
  [ 11%] Export masques : Tuile 30/1076
  [ 11%] Export masques : Tuile 31/1076
  [ 11%] Export masques : Tuile 32/1076
  [ 11%] Export masques : Tuile 33/1076
  [ 11%] Export masques : Tuile 34/1076
  [ 11%] Export masques : Tuile 35/1076
  [ 11%] Export masques : Tuile 36/1076
  [ 11%] Export masques : Tuile 37/1076
  [ 11%] Export masques : Tuile 38/1076
  [ 11%] Export masques : Tuile 39/1076
  [ 11%] Export masques : Tuile 40/1076
  [ 11%] Export masques : Tuile 41/1076
  [ 11%] Export masques : Tuile 42/1076
  [ 11%] Export masques : Tuile 43/1076
  [ 11%] Export masques : Tuile 44/1076
  [ 11%] Export masques : Tuile 45/1076
  [ 11%] Export masques : Tuile 46/1076
  [ 11%] Export masques : Tuile 47/1076
  [ 11%] Export masques : Tuile 48/1076
  [ 11%] Export masques : Tuile 49/1076
  [ 11%] Export masques : Tuile 50/1076
  [ 11%] Export masques : Tuile 51/1076
  [ 11%] Export masques : Tuile 52/1076
  [ 11%] Export masques : Tuile 53/1076
  [ 12%] Export masques : Tuile 54/1076
  [ 12%] Export masques : Tuile 55/1076
  [ 12%] Export masques : Tuile 56/1076
  [ 12%] Export masques : Tuile 57/1076
  [ 12%] Export masques : Tuile 58/1076
  [ 12%] Export masques : Tuile 59/1076
  [ 12%] Export masques : Tuile 60/1076
  [ 12%] Export masques : Tuile 61/1076
  [ 12%] Export masques : Tuile 62/1076
  [ 12%] Export masques : Tuile 63/1076
  [ 12%] Export masques : Tuile 64/1076
  [ 12%] Export masques : Tuile 65/1076
  [ 12%] Export masques : Tuile 66/1076
  [ 12%] Export masques : Tuile 67/1076
  [ 12%] Export masques : Tuile 68/1076
  [ 12%] Export masques : Tuile 69/1076
  [ 12%] Export masques : Tuile 70/1076
  [ 12%] Export masques : Tuile 71/1076
  [ 12%] Export masques : Tuile 72/1076
  [ 12%] Export masques : Tuile 73/1076
  [ 12%] Export masques : Tuile 74/1076
  [ 12%] Export masques : Tuile 75/1076
  [ 12%] Export masques : Tuile 76/1076
  [ 12%] Export masques : Tuile 77/1076
  [ 12%] Export masques : Tuile 78/1076
  [ 12%] Export masques : Tuile 79/1076
  [ 12%] Export masques : Tuile 80/1076
  [ 13%] Export masques : Tuile 81/1076
  [ 13%] Export masques : Tuile 82/1076
  [ 13%] Export masques : Tuile 83/1076
  [ 13%] Export masques : Tuile 84/1076
  [ 13%] Export masques : Tuile 85/1076
  [ 13%] Export masques : Tuile 86/1076
  [ 13%] Export masques : Tuile 87/1076
  [ 13%] Export masques : Tuile 88/1076
  [ 13%] Export masques : Tuile 89/1076
  [ 13%] Export masques : Tuile 90/1076
  [ 13%] Export masques : Tuile 91/1076
  [ 13%] Export masques : Tuile 92/1076
  [ 13%] Export masques : Tuile 93/1076
  [ 13%] Export masques : Tuile 94/1076
  [ 13%] Export masques : Tuile 95/1076
  [ 13%] Export masques : Tuile 96/1076
  [ 13%] Export masques : Tuile 97/1076
  [ 13%] Export masques : Tuile 98/1076
  [ 13%] Export masques : Tuile 99/1076
  [ 13%] Export masques : Tuile 100/1076
  [ 13%] Export masques : Tuile 101/1076
  [ 13%] Export masques : Tuile 102/1076
  [ 13%] Export masques : Tuile 103/1076
  [ 13%] Export masques : Tuile 104/1076
  [ 13%] Export masques : Tuile 105/1076
  [ 13%] Export masques : Tuile 106/1076
  [ 13%] Export masques : Tuile 107/1076
  [ 14%] Export masques : Tuile 108/1076
  [ 14%] Export masques : Tuile 109/1076
  [ 14%] Export masques : Tuile 110/1076
  [ 14%] Export masques : Tuile 111/1076
  [ 14%] Export masques : Tuile 112/1076
  [ 14%] Export masques : Tuile 113/1076
  [ 14%] Export masques : Tuile 114/1076
  [ 14%] Export masques : Tuile 115/1076
  [ 14%] Export masques : Tuile 116/1076
  [ 14%] Export masques : Tuile 117/1076
  [ 14%] Export masques : Tuile 118/1076
  [ 14%] Export masques : Tuile 119/1076
  [ 14%] Export masques : Tuile 120/1076
  [ 14%] Export masques : Tuile 121/1076
  [ 14%] Export masques : Tuile 122/1076
  [ 14%] Export masques : Tuile 123/1076
  [ 14%] Export masques : Tuile 124/1076
  [ 14%] Export masques : Tuile 125/1076
  [ 14%] Export masques : Tuile 126/1076
  [ 14%] Export masques : Tuile 127/1076
  [ 14%] Export masques : Tuile 128/1076
  [ 14%] Export masques : Tuile 129/1076
  [ 14%] Export masques : Tuile 130/1076
  [ 14%] Export masques : Tuile 131/1076
  [ 14%] Export masques : Tuile 132/1076
  [ 14%] Export masques : Tuile 133/1076
  [ 14%] Export masques : Tuile 134/1076
  [ 15%] Export masques : Tuile 135/1076
  [ 15%] Export masques : Tuile 136/1076
  [ 15%] Export masques : Tuile 137/1076
  [ 15%] Export masques : Tuile 138/1076
  [ 15%] Export masques : Tuile 139/1076
  [ 15%] Export masques : Tuile 140/1076
  [ 15%] Export masques : Tuile 141/1076
  [ 15%] Export masques : Tuile 142/1076
  [ 15%] Export masques : Tuile 143/1076
  [ 15%] Export masques : Tuile 144/1076
  [ 15%] Export masques : Tuile 145/1076
  [ 15%] Export masques : Tuile 146/1076
  [ 15%] Export masques : Tuile 147/1076
  [ 15%] Export masques : Tuile 148/1076
  [ 15%] Export masques : Tuile 149/1076
  [ 15%] Export masques : Tuile 150/1076
  [ 15%] Export masques : Tuile 151/1076
  [ 15%] Export masques : Tuile 152/1076
  [ 15%] Export masques : Tuile 153/1076
  [ 15%] Export masques : Tuile 154/1076
  [ 15%] Export masques : Tuile 155/1076
  [ 15%] Export masques : Tuile 156/1076
  [ 15%] Export masques : Tuile 157/1076
  [ 15%] Export masques : Tuile 158/1076
  [ 15%] Export masques : Tuile 159/1076
  [ 15%] Export masques : Tuile 160/1076
  [ 15%] Export masques : Tuile 161/1076
  [ 16%] Export masques : Tuile 162/1076
  [ 16%] Export masques : Tuile 163/1076
  [ 16%] Export masques : Tuile 164/1076
  [ 16%] Export masques : Tuile 165/1076
  [ 16%] Export masques : Tuile 166/1076
  [ 16%] Export masques : Tuile 167/1076
  [ 16%] Export masques : Tuile 168/1076
  [ 16%] Export masques : Tuile 169/1076
  [ 16%] Export masques : Tuile 170/1076
  [ 16%] Export masques : Tuile 171/1076
  [ 16%] Export masques : Tuile 172/1076
  [ 16%] Export masques : Tuile 173/1076
  [ 16%] Export masques : Tuile 174/1076
  [ 16%] Export masques : Tuile 175/1076
  [ 16%] Export masques : Tuile 176/1076
  [ 16%] Export masques : Tuile 177/1076
  [ 16%] Export masques : Tuile 178/1076
  [ 16%] Export masques : Tuile 179/1076
  [ 16%] Export masques : Tuile 180/1076
  [ 16%] Export masques : Tuile 181/1076
  [ 16%] Export masques : Tuile 182/1076
  [ 16%] Export masques : Tuile 183/1076
  [ 16%] Export masques : Tuile 184/1076
  [ 16%] Export masques : Tuile 185/1076
  [ 16%] Export masques : Tuile 186/1076
  [ 16%] Export masques : Tuile 187/1076
  [ 16%] Export masques : Tuile 188/1076
  [ 17%] Export masques : Tuile 189/1076
  [ 17%] Export masques : Tuile 190/1076
  [ 17%] Export masques : Tuile 191/1076
  [ 17%] Export masques : Tuile 192/1076
  [ 17%] Export masques : Tuile 193/1076
  [ 17%] Export masques : Tuile 194/1076
  [ 17%] Export masques : Tuile 195/1076
  [ 17%] Export masques : Tuile 196/1076
  [ 17%] Export masques : Tuile 197/1076
  [ 17%] Export masques : Tuile 198/1076
  [ 17%] Export masques : Tuile 199/1076
  [ 17%] Export masques : Tuile 200/1076
  [ 17%] Export masques : Tuile 201/1076
  [ 17%] Export masques : Tuile 202/1076
  [ 17%] Export masques : Tuile 203/1076
  [ 17%] Export masques : Tuile 204/1076
  [ 17%] Export masques : Tuile 205/1076
  [ 17%] Export masques : Tuile 206/1076
  [ 17%] Export masques : Tuile 207/1076
  [ 17%] Export masques : Tuile 208/1076
  [ 17%] Export masques : Tuile 209/1076
  [ 17%] Export masques : Tuile 210/1076
  [ 17%] Export masques : Tuile 211/1076
  [ 17%] Export masques : Tuile 212/1076
  [ 17%] Export masques : Tuile 213/1076
  [ 17%] Export masques : Tuile 214/1076
  [ 17%] Export masques : Tuile 215/1076
  [ 18%] Export masques : Tuile 216/1076
  [ 18%] Export masques : Tuile 217/1076
  [ 18%] Export masques : Tuile 218/1076
  [ 18%] Export masques : Tuile 219/1076
  [ 18%] Export masques : Tuile 220/1076
  [ 18%] Export masques : Tuile 221/1076
  [ 18%] Export masques : Tuile 222/1076
  [ 18%] Export masques : Tuile 223/1076
  [ 18%] Export masques : Tuile 224/1076
  [ 18%] Export masques : Tuile 225/1076
  [ 18%] Export masques : Tuile 226/1076
  [ 18%] Export masques : Tuile 227/1076
  [ 18%] Export masques : Tuile 228/1076
  [ 18%] Export masques : Tuile 229/1076
  [ 18%] Export masques : Tuile 230/1076
  [ 18%] Export masques : Tuile 231/1076
  [ 18%] Export masques : Tuile 232/1076
  [ 18%] Export masques : Tuile 233/1076
  [ 18%] Export masques : Tuile 234/1076
  [ 18%] Export masques : Tuile 235/1076
  [ 18%] Export masques : Tuile 236/1076
  [ 18%] Export masques : Tuile 237/1076
  [ 18%] Export masques : Tuile 238/1076
  [ 18%] Export masques : Tuile 239/1076
  [ 18%] Export masques : Tuile 240/1076
  [ 18%] Export masques : Tuile 241/1076
  [ 18%] Export masques : Tuile 242/1076
  [ 19%] Export masques : Tuile 243/1076
  [ 19%] Export masques : Tuile 244/1076
  [ 19%] Export masques : Tuile 245/1076
  [ 19%] Export masques : Tuile 246/1076
  [ 19%] Export masques : Tuile 247/1076
  [ 19%] Export masques : Tuile 248/1076
  [ 19%] Export masques : Tuile 249/1076
  [ 19%] Export masques : Tuile 250/1076
  [ 19%] Export masques : Tuile 251/1076
  [ 19%] Export masques : Tuile 252/1076
  [ 19%] Export masques : Tuile 253/1076
  [ 19%] Export masques : Tuile 254/1076
  [ 19%] Export masques : Tuile 255/1076
  [ 19%] Export masques : Tuile 256/1076
  [ 19%] Export masques : Tuile 257/1076
  [ 19%] Export masques : Tuile 258/1076
  [ 19%] Export masques : Tuile 259/1076
  [ 19%] Export masques : Tuile 260/1076
  [ 19%] Export masques : Tuile 261/1076
  [ 19%] Export masques : Tuile 262/1076
  [ 19%] Export masques : Tuile 263/1076
  [ 19%] Export masques : Tuile 264/1076
  [ 19%] Export masques : Tuile 265/1076
  [ 19%] Export masques : Tuile 266/1076
  [ 19%] Export masques : Tuile 267/1076
  [ 19%] Export masques : Tuile 268/1076
  [ 20%] Export masques : Tuile 269/1076
  [ 20%] Export masques : Tuile 270/1076
  [ 20%] Export masques : Tuile 271/1076
  [ 20%] Export masques : Tuile 272/1076
  [ 20%] Export masques : Tuile 273/1076
  [ 20%] Export masques : Tuile 274/1076
  [ 20%] Export masques : Tuile 275/1076
  [ 20%] Export masques : Tuile 276/1076
  [ 20%] Export masques : Tuile 277/1076
  [ 20%] Export masques : Tuile 278/1076
  [ 20%] Export masques : Tuile 279/1076
  [ 20%] Export masques : Tuile 280/1076
  [ 20%] Export masques : Tuile 281/1076
  [ 20%] Export masques : Tuile 282/1076
  [ 20%] Export masques : Tuile 283/1076
  [ 20%] Export masques : Tuile 284/1076
  [ 20%] Export masques : Tuile 285/1076
  [ 20%] Export masques : Tuile 286/1076
  [ 20%] Export masques : Tuile 287/1076
  [ 20%] Export masques : Tuile 288/1076
  [ 20%] Export masques : Tuile 289/1076
  [ 20%] Export masques : Tuile 290/1076
  [ 20%] Export masques : Tuile 291/1076
  [ 20%] Export masques : Tuile 292/1076
  [ 20%] Export masques : Tuile 293/1076
  [ 20%] Export masques : Tuile 294/1076
  [ 20%] Export masques : Tuile 295/1076
  [ 21%] Export masques : Tuile 296/1076
  [ 21%] Export masques : Tuile 297/1076
  [ 21%] Export masques : Tuile 298/1076
  [ 21%] Export masques : Tuile 299/1076
  [ 21%] Export masques : Tuile 300/1076
  [ 21%] Export masques : Tuile 301/1076
  [ 21%] Export masques : Tuile 302/1076
  [ 21%] Export masques : Tuile 303/1076
  [ 21%] Export masques : Tuile 304/1076
  [ 21%] Export masques : Tuile 305/1076
  [ 21%] Export masques : Tuile 306/1076
  [ 21%] Export masques : Tuile 307/1076
  [ 21%] Export masques : Tuile 308/1076
  [ 21%] Export masques : Tuile 309/1076
  [ 21%] Export masques : Tuile 310/1076
  [ 21%] Export masques : Tuile 311/1076
  [ 21%] Export masques : Tuile 312/1076
  [ 21%] Export masques : Tuile 313/1076
  [ 21%] Export masques : Tuile 314/1076
  [ 21%] Export masques : Tuile 315/1076
  [ 21%] Export masques : Tuile 316/1076
  [ 21%] Export masques : Tuile 317/1076
  [ 21%] Export masques : Tuile 318/1076
  [ 21%] Export masques : Tuile 319/1076
  [ 21%] Export masques : Tuile 320/1076
  [ 21%] Export masques : Tuile 321/1076
  [ 21%] Export masques : Tuile 322/1076
  [ 22%] Export masques : Tuile 323/1076
  [ 22%] Export masques : Tuile 324/1076
  [ 22%] Export masques : Tuile 325/1076
  [ 22%] Export masques : Tuile 326/1076
  [ 22%] Export masques : Tuile 327/1076
  [ 22%] Export masques : Tuile 328/1076
  [ 22%] Export masques : Tuile 329/1076
  [ 22%] Export masques : Tuile 330/1076
  [ 22%] Export masques : Tuile 331/1076
  [ 22%] Export masques : Tuile 332/1076
  [ 22%] Export masques : Tuile 333/1076
  [ 22%] Export masques : Tuile 334/1076
  [ 22%] Export masques : Tuile 335/1076
  [ 22%] Export masques : Tuile 336/1076
  [ 22%] Export masques : Tuile 337/1076
  [ 22%] Export masques : Tuile 338/1076
  [ 22%] Export masques : Tuile 339/1076
  [ 22%] Export masques : Tuile 340/1076
  [ 22%] Export masques : Tuile 341/1076
  [ 22%] Export masques : Tuile 342/1076
  [ 22%] Export masques : Tuile 343/1076
  [ 22%] Export masques : Tuile 344/1076
  [ 22%] Export masques : Tuile 345/1076
  [ 22%] Export masques : Tuile 346/1076
  [ 22%] Export masques : Tuile 347/1076
  [ 22%] Export masques : Tuile 348/1076
  [ 22%] Export masques : Tuile 349/1076
  [ 23%] Export masques : Tuile 350/1076
  [ 23%] Export masques : Tuile 351/1076
  [ 23%] Export masques : Tuile 352/1076
  [ 23%] Export masques : Tuile 353/1076
  [ 23%] Export masques : Tuile 354/1076
  [ 23%] Export masques : Tuile 355/1076
  [ 23%] Export masques : Tuile 356/1076
  [ 23%] Export masques : Tuile 357/1076
  [ 23%] Export masques : Tuile 358/1076
  [ 23%] Export masques : Tuile 359/1076
  [ 23%] Export masques : Tuile 360/1076
  [ 23%] Export masques : Tuile 361/1076
  [ 23%] Export masques : Tuile 362/1076
  [ 23%] Export masques : Tuile 363/1076
  [ 23%] Export masques : Tuile 364/1076
  [ 23%] Export masques : Tuile 365/1076
  [ 23%] Export masques : Tuile 366/1076
  [ 23%] Export masques : Tuile 367/1076
  [ 23%] Export masques : Tuile 368/1076
  [ 23%] Export masques : Tuile 369/1076
  [ 23%] Export masques : Tuile 370/1076
  [ 23%] Export masques : Tuile 371/1076
  [ 23%] Export masques : Tuile 372/1076
  [ 23%] Export masques : Tuile 373/1076
  [ 23%] Export masques : Tuile 374/1076
  [ 23%] Export masques : Tuile 375/1076
  [ 23%] Export masques : Tuile 376/1076
  [ 24%] Export masques : Tuile 377/1076
  [ 24%] Export masques : Tuile 378/1076
  [ 24%] Export masques : Tuile 379/1076
  [ 24%] Export masques : Tuile 380/1076
  [ 24%] Export masques : Tuile 381/1076
  [ 24%] Export masques : Tuile 382/1076
  [ 24%] Export masques : Tuile 383/1076
  [ 24%] Export masques : Tuile 384/1076
  [ 24%] Export masques : Tuile 385/1076
  [ 24%] Export masques : Tuile 386/1076
  [ 24%] Export masques : Tuile 387/1076
  [ 24%] Export masques : Tuile 388/1076
  [ 24%] Export masques : Tuile 389/1076
  [ 24%] Export masques : Tuile 390/1076
  [ 24%] Export masques : Tuile 391/1076
  [ 24%] Export masques : Tuile 392/1076
  [ 24%] Export masques : Tuile 393/1076
  [ 24%] Export masques : Tuile 394/1076
  [ 24%] Export masques : Tuile 395/1076
  [ 24%] Export masques : Tuile 396/1076
  [ 24%] Export masques : Tuile 397/1076
  [ 24%] Export masques : Tuile 398/1076
  [ 24%] Export masques : Tuile 399/1076
  [ 24%] Export masques : Tuile 400/1076
  [ 24%] Export masques : Tuile 401/1076
  [ 24%] Export masques : Tuile 402/1076
  [ 24%] Export masques : Tuile 403/1076
  [ 25%] Export masques : Tuile 404/1076
  [ 25%] Export masques : Tuile 405/1076
  [ 25%] Export masques : Tuile 406/1076
  [ 25%] Export masques : Tuile 407/1076
  [ 25%] Export masques : Tuile 408/1076
  [ 25%] Export masques : Tuile 409/1076
  [ 25%] Export masques : Tuile 410/1076
  [ 25%] Export masques : Tuile 411/1076
  [ 25%] Export masques : Tuile 412/1076
  [ 25%] Export masques : Tuile 413/1076
  [ 25%] Export masques : Tuile 414/1076
  [ 25%] Export masques : Tuile 415/1076
  [ 25%] Export masques : Tuile 416/1076
  [ 25%] Export masques : Tuile 417/1076
  [ 25%] Export masques : Tuile 418/1076
  [ 25%] Export masques : Tuile 419/1076
  [ 25%] Export masques : Tuile 420/1076
  [ 25%] Export masques : Tuile 421/1076
  [ 25%] Export masques : Tuile 422/1076
  [ 25%] Export masques : Tuile 423/1076
  [ 25%] Export masques : Tuile 424/1076
  [ 25%] Export masques : Tuile 425/1076
  [ 25%] Export masques : Tuile 426/1076
  [ 25%] Export masques : Tuile 427/1076
  [ 25%] Export masques : Tuile 428/1076
  [ 25%] Export masques : Tuile 429/1076
  [ 25%] Export masques : Tuile 430/1076
  [ 26%] Export masques : Tuile 431/1076
  [ 26%] Export masques : Tuile 432/1076
  [ 26%] Export masques : Tuile 433/1076
  [ 26%] Export masques : Tuile 434/1076
  [ 26%] Export masques : Tuile 435/1076
  [ 26%] Export masques : Tuile 436/1076
  [ 26%] Export masques : Tuile 437/1076
  [ 26%] Export masques : Tuile 438/1076
  [ 26%] Export masques : Tuile 439/1076
  [ 26%] Export masques : Tuile 440/1076
  [ 26%] Export masques : Tuile 441/1076
  [ 26%] Export masques : Tuile 442/1076
  [ 26%] Export masques : Tuile 443/1076
  [ 26%] Export masques : Tuile 444/1076
  [ 26%] Export masques : Tuile 445/1076
  [ 26%] Export masques : Tuile 446/1076
  [ 26%] Export masques : Tuile 447/1076
  [ 26%] Export masques : Tuile 448/1076
  [ 26%] Export masques : Tuile 449/1076
  [ 26%] Export masques : Tuile 450/1076
  [ 26%] Export masques : Tuile 451/1076
  [ 26%] Export masques : Tuile 452/1076
  [ 26%] Export masques : Tuile 453/1076
  [ 26%] Export masques : Tuile 454/1076
  [ 26%] Export masques : Tuile 455/1076
  [ 26%] Export masques : Tuile 456/1076
  [ 26%] Export masques : Tuile 457/1076
  [ 27%] Export masques : Tuile 458/1076
  [ 27%] Export masques : Tuile 459/1076
  [ 27%] Export masques : Tuile 460/1076
  [ 27%] Export masques : Tuile 461/1076
  [ 27%] Export masques : Tuile 462/1076
  [ 27%] Export masques : Tuile 463/1076
  [ 27%] Export masques : Tuile 464/1076
  [ 27%] Export masques : Tuile 465/1076
  [ 27%] Export masques : Tuile 466/1076
  [ 27%] Export masques : Tuile 467/1076
  [ 27%] Export masques : Tuile 468/1076
  [ 27%] Export masques : Tuile 469/1076
  [ 27%] Export masques : Tuile 470/1076
  [ 27%] Export masques : Tuile 471/1076
  [ 27%] Export masques : Tuile 472/1076
  [ 27%] Export masques : Tuile 473/1076
  [ 27%] Export masques : Tuile 474/1076
  [ 27%] Export masques : Tuile 475/1076
  [ 27%] Export masques : Tuile 476/1076
  [ 27%] Export masques : Tuile 477/1076
  [ 27%] Export masques : Tuile 478/1076
  [ 27%] Export masques : Tuile 479/1076
  [ 27%] Export masques : Tuile 480/1076
  [ 27%] Export masques : Tuile 481/1076
  [ 27%] Export masques : Tuile 482/1076
  [ 27%] Export masques : Tuile 483/1076
  [ 27%] Export masques : Tuile 484/1076
  [ 28%] Export masques : Tuile 485/1076
  [ 28%] Export masques : Tuile 486/1076
  [ 28%] Export masques : Tuile 487/1076
  [ 28%] Export masques : Tuile 488/1076
  [ 28%] Export masques : Tuile 489/1076
  [ 28%] Export masques : Tuile 490/1076
  [ 28%] Export masques : Tuile 491/1076
  [ 28%] Export masques : Tuile 492/1076
  [ 28%] Export masques : Tuile 493/1076
  [ 28%] Export masques : Tuile 494/1076
  [ 28%] Export masques : Tuile 495/1076
  [ 28%] Export masques : Tuile 496/1076
  [ 28%] Export masques : Tuile 497/1076
  [ 28%] Export masques : Tuile 498/1076
  [ 28%] Export masques : Tuile 499/1076
  [ 28%] Export masques : Tuile 500/1076
  [ 28%] Export masques : Tuile 501/1076
  [ 28%] Export masques : Tuile 502/1076
  [ 28%] Export masques : Tuile 503/1076
  [ 28%] Export masques : Tuile 504/1076
  [ 28%] Export masques : Tuile 505/1076
  [ 28%] Export masques : Tuile 506/1076
  [ 28%] Export masques : Tuile 507/1076
  [ 28%] Export masques : Tuile 508/1076
  [ 28%] Export masques : Tuile 509/1076
  [ 28%] Export masques : Tuile 510/1076
  [ 28%] Export masques : Tuile 511/1076
  [ 29%] Export masques : Tuile 512/1076
  [ 29%] Export masques : Tuile 513/1076
  [ 29%] Export masques : Tuile 514/1076
  [ 29%] Export masques : Tuile 515/1076
  [ 29%] Export masques : Tuile 516/1076
  [ 29%] Export masques : Tuile 517/1076
  [ 29%] Export masques : Tuile 518/1076
  [ 29%] Export masques : Tuile 519/1076
  [ 29%] Export masques : Tuile 520/1076
  [ 29%] Export masques : Tuile 521/1076
  [ 29%] Export masques : Tuile 522/1076
  [ 29%] Export masques : Tuile 523/1076
  [ 29%] Export masques : Tuile 524/1076
  [ 29%] Export masques : Tuile 525/1076
  [ 29%] Export masques : Tuile 526/1076
  [ 29%] Export masques : Tuile 527/1076
  [ 29%] Export masques : Tuile 528/1076
  [ 29%] Export masques : Tuile 529/1076
  [ 29%] Export masques : Tuile 530/1076
  [ 29%] Export masques : Tuile 531/1076
  [ 29%] Export masques : Tuile 532/1076
  [ 29%] Export masques : Tuile 533/1076
  [ 29%] Export masques : Tuile 534/1076
  [ 29%] Export masques : Tuile 535/1076
  [ 29%] Export masques : Tuile 536/1076
  [ 29%] Export masques : Tuile 537/1076
  [ 30%] Export masques : Tuile 538/1076
  [ 30%] Export masques : Tuile 539/1076
  [ 30%] Export masques : Tuile 540/1076
  [ 30%] Export masques : Tuile 541/1076
  [ 30%] Export masques : Tuile 542/1076
  [ 30%] Export masques : Tuile 543/1076
  [ 30%] Export masques : Tuile 544/1076
  [ 30%] Export masques : Tuile 545/1076
  [ 30%] Export masques : Tuile 546/1076
  [ 30%] Export masques : Tuile 547/1076
  [ 30%] Export masques : Tuile 548/1076
  [ 30%] Export masques : Tuile 549/1076
  [ 30%] Export masques : Tuile 550/1076
  [ 30%] Export masques : Tuile 551/1076
  [ 30%] Export masques : Tuile 552/1076
  [ 30%] Export masques : Tuile 553/1076
  [ 30%] Export masques : Tuile 554/1076
  [ 30%] Export masques : Tuile 555/1076
  [ 30%] Export masques : Tuile 556/1076
  [ 30%] Export masques : Tuile 557/1076
  [ 30%] Export masques : Tuile 558/1076
  [ 30%] Export masques : Tuile 559/1076
  [ 30%] Export masques : Tuile 560/1076
  [ 30%] Export masques : Tuile 561/1076
  [ 30%] Export masques : Tuile 562/1076
  [ 30%] Export masques : Tuile 563/1076
  [ 30%] Export masques : Tuile 564/1076
  [ 31%] Export masques : Tuile 565/1076
  [ 31%] Export masques : Tuile 566/1076
  [ 31%] Export masques : Tuile 567/1076
  [ 31%] Export masques : Tuile 568/1076
  [ 31%] Export masques : Tuile 569/1076
  [ 31%] Export masques : Tuile 570/1076
  [ 31%] Export masques : Tuile 571/1076
  [ 31%] Export masques : Tuile 572/1076
  [ 31%] Export masques : Tuile 573/1076
  [ 31%] Export masques : Tuile 574/1076
  [ 31%] Export masques : Tuile 575/1076
  [ 31%] Export masques : Tuile 576/1076
  [ 31%] Export masques : Tuile 577/1076
  [ 31%] Export masques : Tuile 578/1076
  [ 31%] Export masques : Tuile 579/1076
  [ 31%] Export masques : Tuile 580/1076
  [ 31%] Export masques : Tuile 581/1076
  [ 31%] Export masques : Tuile 582/1076
  [ 31%] Export masques : Tuile 583/1076
  [ 31%] Export masques : Tuile 584/1076
  [ 31%] Export masques : Tuile 585/1076
  [ 31%] Export masques : Tuile 586/1076
  [ 31%] Export masques : Tuile 587/1076
  [ 31%] Export masques : Tuile 588/1076
  [ 31%] Export masques : Tuile 589/1076
  [ 31%] Export masques : Tuile 590/1076
  [ 31%] Export masques : Tuile 591/1076
  [ 32%] Export masques : Tuile 592/1076
  [ 32%] Export masques : Tuile 593/1076
  [ 32%] Export masques : Tuile 594/1076
  [ 32%] Export masques : Tuile 595/1076
  [ 32%] Export masques : Tuile 596/1076
  [ 32%] Export masques : Tuile 597/1076
  [ 32%] Export masques : Tuile 598/1076
  [ 32%] Export masques : Tuile 599/1076
  [ 32%] Export masques : Tuile 600/1076
  [ 32%] Export masques : Tuile 601/1076
  [ 32%] Export masques : Tuile 602/1076
  [ 32%] Export masques : Tuile 603/1076
  [ 32%] Export masques : Tuile 604/1076
  [ 32%] Export masques : Tuile 605/1076
  [ 32%] Export masques : Tuile 606/1076
  [ 32%] Export masques : Tuile 607/1076
  [ 32%] Export masques : Tuile 608/1076
  [ 32%] Export masques : Tuile 609/1076
  [ 32%] Export masques : Tuile 610/1076
  [ 32%] Export masques : Tuile 611/1076
  [ 32%] Export masques : Tuile 612/1076
  [ 32%] Export masques : Tuile 613/1076
  [ 32%] Export masques : Tuile 614/1076
  [ 32%] Export masques : Tuile 615/1076
  [ 32%] Export masques : Tuile 616/1076
  [ 32%] Export masques : Tuile 617/1076
  [ 32%] Export masques : Tuile 618/1076
  [ 33%] Export masques : Tuile 619/1076
  [ 33%] Export masques : Tuile 620/1076
  [ 33%] Export masques : Tuile 621/1076
  [ 33%] Export masques : Tuile 622/1076
  [ 33%] Export masques : Tuile 623/1076
  [ 33%] Export masques : Tuile 624/1076
  [ 33%] Export masques : Tuile 625/1076
  [ 33%] Export masques : Tuile 626/1076
  [ 33%] Export masques : Tuile 627/1076
  [ 33%] Export masques : Tuile 628/1076
  [ 33%] Export masques : Tuile 629/1076
  [ 33%] Export masques : Tuile 630/1076
  [ 33%] Export masques : Tuile 631/1076
  [ 33%] Export masques : Tuile 632/1076
  [ 33%] Export masques : Tuile 633/1076
  [ 33%] Export masques : Tuile 634/1076
  [ 33%] Export masques : Tuile 635/1076
  [ 33%] Export masques : Tuile 636/1076
  [ 33%] Export masques : Tuile 637/1076
  [ 33%] Export masques : Tuile 638/1076
  [ 33%] Export masques : Tuile 639/1076
  [ 33%] Export masques : Tuile 640/1076
  [ 33%] Export masques : Tuile 641/1076
  [ 33%] Export masques : Tuile 642/1076
  [ 33%] Export masques : Tuile 643/1076
  [ 33%] Export masques : Tuile 644/1076
  [ 33%] Export masques : Tuile 645/1076
  [ 34%] Export masques : Tuile 646/1076
  [ 34%] Export masques : Tuile 647/1076
  [ 34%] Export masques : Tuile 648/1076
  [ 34%] Export masques : Tuile 649/1076
  [ 34%] Export masques : Tuile 650/1076
  [ 34%] Export masques : Tuile 651/1076
  [ 34%] Export masques : Tuile 652/1076
  [ 34%] Export masques : Tuile 653/1076
  [ 34%] Export masques : Tuile 654/1076
  [ 34%] Export masques : Tuile 655/1076
  [ 34%] Export masques : Tuile 656/1076
  [ 34%] Export masques : Tuile 657/1076
  [ 34%] Export masques : Tuile 658/1076
  [ 34%] Export masques : Tuile 659/1076
  [ 34%] Export masques : Tuile 660/1076
  [ 34%] Export masques : Tuile 661/1076
  [ 34%] Export masques : Tuile 662/1076
  [ 34%] Export masques : Tuile 663/1076
  [ 34%] Export masques : Tuile 664/1076
  [ 34%] Export masques : Tuile 665/1076
  [ 34%] Export masques : Tuile 666/1076
  [ 34%] Export masques : Tuile 667/1076
  [ 34%] Export masques : Tuile 668/1076
  [ 34%] Export masques : Tuile 669/1076
  [ 34%] Export masques : Tuile 670/1076
  [ 34%] Export masques : Tuile 671/1076
  [ 34%] Export masques : Tuile 672/1076
  [ 35%] Export masques : Tuile 673/1076
  [ 35%] Export masques : Tuile 674/1076
  [ 35%] Export masques : Tuile 675/1076
  [ 35%] Export masques : Tuile 676/1076
  [ 35%] Export masques : Tuile 677/1076
  [ 35%] Export masques : Tuile 678/1076
  [ 35%] Export masques : Tuile 679/1076
  [ 35%] Export masques : Tuile 680/1076
  [ 35%] Export masques : Tuile 681/1076
  [ 35%] Export masques : Tuile 682/1076
  [ 35%] Export masques : Tuile 683/1076
  [ 35%] Export masques : Tuile 684/1076
  [ 35%] Export masques : Tuile 685/1076
  [ 35%] Export masques : Tuile 686/1076
  [ 35%] Export masques : Tuile 687/1076
  [ 35%] Export masques : Tuile 688/1076
  [ 35%] Export masques : Tuile 689/1076
  [ 35%] Export masques : Tuile 690/1076
  [ 35%] Export masques : Tuile 691/1076
  [ 35%] Export masques : Tuile 692/1076
  [ 35%] Export masques : Tuile 693/1076
  [ 35%] Export masques : Tuile 694/1076
  [ 35%] Export masques : Tuile 695/1076
  [ 35%] Export masques : Tuile 696/1076
  [ 35%] Export masques : Tuile 697/1076
  [ 35%] Export masques : Tuile 698/1076
  [ 35%] Export masques : Tuile 699/1076
  [ 36%] Export masques : Tuile 700/1076
  [ 36%] Export masques : Tuile 701/1076
  [ 36%] Export masques : Tuile 702/1076
  [ 36%] Export masques : Tuile 703/1076
  [ 36%] Export masques : Tuile 704/1076
  [ 36%] Export masques : Tuile 705/1076
  [ 36%] Export masques : Tuile 706/1076
  [ 36%] Export masques : Tuile 707/1076
  [ 36%] Export masques : Tuile 708/1076
  [ 36%] Export masques : Tuile 709/1076
  [ 36%] Export masques : Tuile 710/1076
  [ 36%] Export masques : Tuile 711/1076
  [ 36%] Export masques : Tuile 712/1076
  [ 36%] Export masques : Tuile 713/1076
  [ 36%] Export masques : Tuile 714/1076
  [ 36%] Export masques : Tuile 715/1076
  [ 36%] Export masques : Tuile 716/1076
  [ 36%] Export masques : Tuile 717/1076
  [ 36%] Export masques : Tuile 718/1076
  [ 36%] Export masques : Tuile 719/1076
  [ 36%] Export masques : Tuile 720/1076
  [ 36%] Export masques : Tuile 721/1076
  [ 36%] Export masques : Tuile 722/1076
  [ 36%] Export masques : Tuile 723/1076
  [ 36%] Export masques : Tuile 724/1076
  [ 36%] Export masques : Tuile 725/1076
  [ 36%] Export masques : Tuile 726/1076
  [ 37%] Export masques : Tuile 727/1076
  [ 37%] Export masques : Tuile 728/1076
  [ 37%] Export masques : Tuile 729/1076
  [ 37%] Export masques : Tuile 730/1076
  [ 37%] Export masques : Tuile 731/1076
  [ 37%] Export masques : Tuile 732/1076
  [ 37%] Export masques : Tuile 733/1076
  [ 37%] Export masques : Tuile 734/1076
  [ 37%] Export masques : Tuile 735/1076
  [ 37%] Export masques : Tuile 736/1076
  [ 37%] Export masques : Tuile 737/1076
  [ 37%] Export masques : Tuile 738/1076
  [ 37%] Export masques : Tuile 739/1076
  [ 37%] Export masques : Tuile 740/1076
  [ 37%] Export masques : Tuile 741/1076
  [ 37%] Export masques : Tuile 742/1076
  [ 37%] Export masques : Tuile 743/1076
  [ 37%] Export masques : Tuile 744/1076
  [ 37%] Export masques : Tuile 745/1076
  [ 37%] Export masques : Tuile 746/1076
  [ 37%] Export masques : Tuile 747/1076
  [ 37%] Export masques : Tuile 748/1076
  [ 37%] Export masques : Tuile 749/1076
  [ 37%] Export masques : Tuile 750/1076
  [ 37%] Export masques : Tuile 751/1076
  [ 37%] Export masques : Tuile 752/1076
  [ 37%] Export masques : Tuile 753/1076
  [ 38%] Export masques : Tuile 754/1076
  [ 38%] Export masques : Tuile 755/1076
  [ 38%] Export masques : Tuile 756/1076
  [ 38%] Export masques : Tuile 757/1076
  [ 38%] Export masques : Tuile 758/1076
  [ 38%] Export masques : Tuile 759/1076
  [ 38%] Export masques : Tuile 760/1076
  [ 38%] Export masques : Tuile 761/1076
  [ 38%] Export masques : Tuile 762/1076
  [ 38%] Export masques : Tuile 763/1076
  [ 38%] Export masques : Tuile 764/1076
  [ 38%] Export masques : Tuile 765/1076
  [ 38%] Export masques : Tuile 766/1076
  [ 38%] Export masques : Tuile 767/1076
  [ 38%] Export masques : Tuile 768/1076
  [ 38%] Export masques : Tuile 769/1076
  [ 38%] Export masques : Tuile 770/1076
  [ 38%] Export masques : Tuile 771/1076
  [ 38%] Export masques : Tuile 772/1076
  [ 38%] Export masques : Tuile 773/1076
  [ 38%] Export masques : Tuile 774/1076
  [ 38%] Export masques : Tuile 775/1076
  [ 38%] Export masques : Tuile 776/1076
  [ 38%] Export masques : Tuile 777/1076
  [ 38%] Export masques : Tuile 778/1076
  [ 38%] Export masques : Tuile 779/1076
  [ 38%] Export masques : Tuile 780/1076
  [ 39%] Export masques : Tuile 781/1076
  [ 39%] Export masques : Tuile 782/1076
  [ 39%] Export masques : Tuile 783/1076
  [ 39%] Export masques : Tuile 784/1076
  [ 39%] Export masques : Tuile 785/1076
  [ 39%] Export masques : Tuile 786/1076
  [ 39%] Export masques : Tuile 787/1076
  [ 39%] Export masques : Tuile 788/1076
  [ 39%] Export masques : Tuile 789/1076
  [ 39%] Export masques : Tuile 790/1076
  [ 39%] Export masques : Tuile 791/1076
  [ 39%] Export masques : Tuile 792/1076
  [ 39%] Export masques : Tuile 793/1076
  [ 39%] Export masques : Tuile 794/1076
  [ 39%] Export masques : Tuile 795/1076
  [ 39%] Export masques : Tuile 796/1076
  [ 39%] Export masques : Tuile 797/1076
  [ 39%] Export masques : Tuile 798/1076
  [ 39%] Export masques : Tuile 799/1076
  [ 39%] Export masques : Tuile 800/1076
  [ 39%] Export masques : Tuile 801/1076
  [ 39%] Export masques : Tuile 802/1076
  [ 39%] Export masques : Tuile 803/1076
  [ 39%] Export masques : Tuile 804/1076
  [ 39%] Export masques : Tuile 805/1076
  [ 39%] Export masques : Tuile 806/1076
  [ 40%] Export masques : Tuile 807/1076
  [ 40%] Export masques : Tuile 808/1076
  [ 40%] Export masques : Tuile 809/1076
  [ 40%] Export masques : Tuile 810/1076
  [ 40%] Export masques : Tuile 811/1076
  [ 40%] Export masques : Tuile 812/1076
  [ 40%] Export masques : Tuile 813/1076
  [ 40%] Export masques : Tuile 814/1076
  [ 40%] Export masques : Tuile 815/1076
  [ 40%] Export masques : Tuile 816/1076
  [ 40%] Export masques : Tuile 817/1076
  [ 40%] Export masques : Tuile 818/1076
  [ 40%] Export masques : Tuile 819/1076
  [ 40%] Export masques : Tuile 820/1076
  [ 40%] Export masques : Tuile 821/1076
  [ 40%] Export masques : Tuile 822/1076
  [ 40%] Export masques : Tuile 823/1076
  [ 40%] Export masques : Tuile 824/1076
  [ 40%] Export masques : Tuile 825/1076
  [ 40%] Export masques : Tuile 826/1076
  [ 40%] Export masques : Tuile 827/1076
  [ 40%] Export masques : Tuile 828/1076
  [ 40%] Export masques : Tuile 829/1076
  [ 40%] Export masques : Tuile 830/1076
  [ 40%] Export masques : Tuile 831/1076
  [ 40%] Export masques : Tuile 832/1076
  [ 40%] Export masques : Tuile 833/1076
  [ 41%] Export masques : Tuile 834/1076
  [ 41%] Export masques : Tuile 835/1076
  [ 41%] Export masques : Tuile 836/1076
  [ 41%] Export masques : Tuile 837/1076
  [ 41%] Export masques : Tuile 838/1076
  [ 41%] Export masques : Tuile 839/1076
  [ 41%] Export masques : Tuile 840/1076
  [ 41%] Export masques : Tuile 841/1076
  [ 41%] Export masques : Tuile 842/1076
  [ 41%] Export masques : Tuile 843/1076
  [ 41%] Export masques : Tuile 844/1076
  [ 41%] Export masques : Tuile 845/1076
  [ 41%] Export masques : Tuile 846/1076
  [ 41%] Export masques : Tuile 847/1076
  [ 41%] Export masques : Tuile 848/1076
  [ 41%] Export masques : Tuile 849/1076
  [ 41%] Export masques : Tuile 850/1076
  [ 41%] Export masques : Tuile 851/1076
  [ 41%] Export masques : Tuile 852/1076
  [ 41%] Export masques : Tuile 853/1076
  [ 41%] Export masques : Tuile 854/1076
  [ 41%] Export masques : Tuile 855/1076
  [ 41%] Export masques : Tuile 856/1076
  [ 41%] Export masques : Tuile 857/1076
  [ 41%] Export masques : Tuile 858/1076
  [ 41%] Export masques : Tuile 859/1076
  [ 41%] Export masques : Tuile 860/1076
  [ 42%] Export masques : Tuile 861/1076
  [ 42%] Export masques : Tuile 862/1076
  [ 42%] Export masques : Tuile 863/1076
  [ 42%] Export masques : Tuile 864/1076
  [ 42%] Export masques : Tuile 865/1076
  [ 42%] Export masques : Tuile 866/1076
  [ 42%] Export masques : Tuile 867/1076
  [ 42%] Export masques : Tuile 868/1076
  [ 42%] Export masques : Tuile 869/1076
  [ 42%] Export masques : Tuile 870/1076
  [ 42%] Export masques : Tuile 871/1076
  [ 42%] Export masques : Tuile 872/1076
  [ 42%] Export masques : Tuile 873/1076
  [ 42%] Export masques : Tuile 874/1076
  [ 42%] Export masques : Tuile 875/1076
  [ 42%] Export masques : Tuile 876/1076
  [ 42%] Export masques : Tuile 877/1076
  [ 42%] Export masques : Tuile 878/1076
  [ 42%] Export masques : Tuile 879/1076
  [ 42%] Export masques : Tuile 880/1076
  [ 42%] Export masques : Tuile 881/1076
  [ 42%] Export masques : Tuile 882/1076
  [ 42%] Export masques : Tuile 883/1076
  [ 42%] Export masques : Tuile 884/1076
  [ 42%] Export masques : Tuile 885/1076
  [ 42%] Export masques : Tuile 886/1076
  [ 42%] Export masques : Tuile 887/1076
  [ 43%] Export masques : Tuile 888/1076
  [ 43%] Export masques : Tuile 889/1076
  [ 43%] Export masques : Tuile 890/1076
  [ 43%] Export masques : Tuile 891/1076
  [ 43%] Export masques : Tuile 892/1076
  [ 43%] Export masques : Tuile 893/1076
  [ 43%] Export masques : Tuile 894/1076
  [ 43%] Export masques : Tuile 895/1076
  [ 43%] Export masques : Tuile 896/1076
  [ 43%] Export masques : Tuile 897/1076
  [ 43%] Export masques : Tuile 898/1076
  [ 43%] Export masques : Tuile 899/1076
  [ 43%] Export masques : Tuile 900/1076
  [ 43%] Export masques : Tuile 901/1076
  [ 43%] Export masques : Tuile 902/1076
  [ 43%] Export masques : Tuile 903/1076
  [ 43%] Export masques : Tuile 904/1076
  [ 43%] Export masques : Tuile 905/1076
  [ 43%] Export masques : Tuile 906/1076
  [ 43%] Export masques : Tuile 907/1076
  [ 43%] Export masques : Tuile 908/1076
  [ 43%] Export masques : Tuile 909/1076
  [ 43%] Export masques : Tuile 910/1076
  [ 43%] Export masques : Tuile 911/1076
  [ 43%] Export masques : Tuile 912/1076
  [ 43%] Export masques : Tuile 913/1076
  [ 43%] Export masques : Tuile 914/1076
  [ 44%] Export masques : Tuile 915/1076
  [ 44%] Export masques : Tuile 916/1076
  [ 44%] Export masques : Tuile 917/1076
  [ 44%] Export masques : Tuile 918/1076
  [ 44%] Export masques : Tuile 919/1076
  [ 44%] Export masques : Tuile 920/1076
  [ 44%] Export masques : Tuile 921/1076
  [ 44%] Export masques : Tuile 922/1076
  [ 44%] Export masques : Tuile 923/1076
  [ 44%] Export masques : Tuile 924/1076
  [ 44%] Export masques : Tuile 925/1076
  [ 44%] Export masques : Tuile 926/1076
  [ 44%] Export masques : Tuile 927/1076
  [ 44%] Export masques : Tuile 928/1076
  [ 44%] Export masques : Tuile 929/1076
  [ 44%] Export masques : Tuile 930/1076
  [ 44%] Export masques : Tuile 931/1076
  [ 44%] Export masques : Tuile 932/1076
  [ 44%] Export masques : Tuile 933/1076
  [ 44%] Export masques : Tuile 934/1076
  [ 44%] Export masques : Tuile 935/1076
  [ 44%] Export masques : Tuile 936/1076
  [ 44%] Export masques : Tuile 937/1076
  [ 44%] Export masques : Tuile 938/1076
  [ 44%] Export masques : Tuile 939/1076
  [ 44%] Export masques : Tuile 940/1076
  [ 44%] Export masques : Tuile 941/1076
  [ 45%] Export masques : Tuile 942/1076
  [ 45%] Export masques : Tuile 943/1076
  [ 45%] Export masques : Tuile 944/1076
  [ 45%] Export masques : Tuile 945/1076
  [ 45%] Export masques : Tuile 946/1076
  [ 45%] Export masques : Tuile 947/1076
  [ 45%] Export masques : Tuile 948/1076
  [ 45%] Export masques : Tuile 949/1076
  [ 45%] Export masques : Tuile 950/1076
  [ 45%] Export masques : Tuile 951/1076
  [ 45%] Export masques : Tuile 952/1076
  [ 45%] Export masques : Tuile 953/1076
  [ 45%] Export masques : Tuile 954/1076
  [ 45%] Export masques : Tuile 955/1076
  [ 45%] Export masques : Tuile 956/1076
  [ 45%] Export masques : Tuile 957/1076
  [ 45%] Export masques : Tuile 958/1076
  [ 45%] Export masques : Tuile 959/1076
  [ 45%] Export masques : Tuile 960/1076
  [ 45%] Export masques : Tuile 961/1076
  [ 45%] Export masques : Tuile 962/1076
  [ 45%] Export masques : Tuile 963/1076
  [ 45%] Export masques : Tuile 964/1076
  [ 45%] Export masques : Tuile 965/1076
  [ 45%] Export masques : Tuile 966/1076
  [ 45%] Export masques : Tuile 967/1076
  [ 45%] Export masques : Tuile 968/1076
  [ 46%] Export masques : Tuile 969/1076
  [ 46%] Export masques : Tuile 970/1076
  [ 46%] Export masques : Tuile 971/1076
  [ 46%] Export masques : Tuile 972/1076
  [ 46%] Export masques : Tuile 973/1076
  [ 46%] Export masques : Tuile 974/1076
  [ 46%] Export masques : Tuile 975/1076
  [ 46%] Export masques : Tuile 976/1076
  [ 46%] Export masques : Tuile 977/1076
  [ 46%] Export masques : Tuile 978/1076
  [ 46%] Export masques : Tuile 979/1076
  [ 46%] Export masques : Tuile 980/1076
  [ 46%] Export masques : Tuile 981/1076
  [ 46%] Export masques : Tuile 982/1076
  [ 46%] Export masques : Tuile 983/1076
  [ 46%] Export masques : Tuile 984/1076
  [ 46%] Export masques : Tuile 985/1076
  [ 46%] Export masques : Tuile 986/1076
  [ 46%] Export masques : Tuile 987/1076
  [ 46%] Export masques : Tuile 988/1076
  [ 46%] Export masques : Tuile 989/1076
  [ 46%] Export masques : Tuile 990/1076
  [ 46%] Export masques : Tuile 991/1076
  [ 46%] Export masques : Tuile 992/1076
  [ 46%] Export masques : Tuile 993/1076
  [ 46%] Export masques : Tuile 994/1076
  [ 46%] Export masques : Tuile 995/1076
  [ 47%] Export masques : Tuile 996/1076
  [ 47%] Export masques : Tuile 997/1076
  [ 47%] Export masques : Tuile 998/1076
  [ 47%] Export masques : Tuile 999/1076
  [ 47%] Export masques : Tuile 1000/1076
  [ 47%] Export masques : Tuile 1001/1076
  [ 47%] Export masques : Tuile 1002/1076
  [ 47%] Export masques : Tuile 1003/1076
  [ 47%] Export masques : Tuile 1004/1076
  [ 47%] Export masques : Tuile 1005/1076
  [ 47%] Export masques : Tuile 1006/1076
  [ 47%] Export masques : Tuile 1007/1076
  [ 47%] Export masques : Tuile 1008/1076
  [ 47%] Export masques : Tuile 1009/1076
  [ 47%] Export masques : Tuile 1010/1076
  [ 47%] Export masques : Tuile 1011/1076
  [ 47%] Export masques : Tuile 1012/1076
  [ 47%] Export masques : Tuile 1013/1076
  [ 47%] Export masques : Tuile 1014/1076
  [ 47%] Export masques : Tuile 1015/1076
  [ 47%] Export masques : Tuile 1016/1076
  [ 47%] Export masques : Tuile 1017/1076
  [ 47%] Export masques : Tuile 1018/1076
  [ 47%] Export masques : Tuile 1019/1076
  [ 47%] Export masques : Tuile 1020/1076
  [ 47%] Export masques : Tuile 1021/1076
  [ 47%] Export masques : Tuile 1022/1076
  [ 48%] Export masques : Tuile 1023/1076
  [ 48%] Export masques : Tuile 1024/1076
  [ 48%] Export masques : Tuile 1025/1076
  [ 48%] Export masques : Tuile 1026/1076
  [ 48%] Export masques : Tuile 1027/1076
  [ 48%] Export masques : Tuile 1028/1076
  [ 48%] Export masques : Tuile 1029/1076
  [ 48%] Export masques : Tuile 1030/1076
  [ 48%] Export masques : Tuile 1031/1076
  [ 48%] Export masques : Tuile 1032/1076
  [ 48%] Export masques : Tuile 1033/1076
  [ 48%] Export masques : Tuile 1034/1076
  [ 48%] Export masques : Tuile 1035/1076
  [ 48%] Export masques : Tuile 1036/1076
  [ 48%] Export masques : Tuile 1037/1076
  [ 48%] Export masques : Tuile 1038/1076
  [ 48%] Export masques : Tuile 1039/1076
  [ 48%] Export masques : Tuile 1040/1076
  [ 48%] Export masques : Tuile 1041/1076
  [ 48%] Export masques : Tuile 1042/1076
  [ 48%] Export masques : Tuile 1043/1076
  [ 48%] Export masques : Tuile 1044/1076
  [ 48%] Export masques : Tuile 1045/1076
  [ 48%] Export masques : Tuile 1046/1076
  [ 48%] Export masques : Tuile 1047/1076
  [ 48%] Export masques : Tuile 1048/1076
  [ 48%] Export masques : Tuile 1049/1076
  [ 49%] Export masques : Tuile 1050/1076
  [ 49%] Export masques : Tuile 1051/1076
  [ 49%] Export masques : Tuile 1052/1076
  [ 49%] Export masques : Tuile 1053/1076
  [ 49%] Export masques : Tuile 1054/1076
  [ 49%] Export masques : Tuile 1055/1076
  [ 49%] Export masques : Tuile 1056/1076
  [ 49%] Export masques : Tuile 1057/1076
  [ 49%] Export masques : Tuile 1058/1076
  [ 49%] Export masques : Tuile 1059/1076
  [ 49%] Export masques : Tuile 1060/1076
  [ 49%] Export masques : Tuile 1061/1076
  [ 49%] Export masques : Tuile 1062/1076
  [ 49%] Export masques : Tuile 1063/1076
  [ 49%] Export masques : Tuile 1064/1076
  [ 49%] Export masques : Tuile 1065/1076
  [ 49%] Export masques : Tuile 1066/1076
  [ 49%] Export masques : Tuile 1067/1076
  [ 49%] Export masques : Tuile 1068/1076
  [ 49%] Export masques : Tuile 1069/1076
  [ 49%] Export masques : Tuile 1070/1076
  [ 49%] Export masques : Tuile 1071/1076
  [ 49%] Export masques : Tuile 1072/1076
  [ 49%] Export masques : Tuile 1073/1076
  [ 49%] Export masques : Tuile 1074/1076
  [ 49%] Export masques : Tuile 1075/1076
  [ 50%] Export masques : Tuile 1076/1076
  [ 50%] Chargement masques
[WARN] Masque manquant : BeachGrass_01.png
[WARN] Masque manquant : ForestPine_01_Base.png
[WARN] Masque manquant : ForestClearing_Deciduous_01.png
[WARN] Masque manquant : Grass_03_coastal.png
[WARN] Masque manquant : ZI_Ground_Sport_01.png
[WARN] Masque manquant : SulfurStream_01_bed.png
[WARN] Masque manquant : MountainGrass_03_aut.png
[WARN] Masque manquant : MountainGrass_02_aut.png
[WARN] Masque manquant : Heather_01_aut.png
[WARN] Masque manquant : Grass_03_aut.png
[WARN] Masque manquant : Grass_02_aut.png
[WARN] Masque manquant : Grass_01_aut_leaves.png
[WARN] Masque manquant : ForestPine_01_Base_aut.png
[WARN] Masque manquant : ForestDeciduous_02_aut.png
[WARN] Masque manquant : ForestDeciduous_01_Base_aut.png
[WARN] Masque manquant : ForestConiferous_02_aut.png
[WARN] Masque manquant : ForestConiferous_01_Base_aut.png
[WARN] Masque manquant : ForestClearing_Deciduous_01_aut.png
[WARN] Masque manquant : ForestClearing_Coniferous_01_aut.png
[WARN] Masque manquant : Debris_Coal_03.png
[WARN] Masque manquant : Debris_Coal_02.png
[WARN] Masque manquant : Debris_Coal_01.png
[WARN] Masque manquant : MountainGrass_03.png
[WARN] Masque manquant : Dirt_03.png
[WARN] Masque manquant : zi_MountainGrass_02.png
[WARN] Masque manquant : zi_MountainGrass_04.png
[WARN] Masque manquant : zi_Heather_01.png
  [ 60%] Génération satmap couleurs
  [ 60%] Satmap couleurs : Initialisation canvas 4097×4097 px
  [ 61%] Satmap couleurs : Surface 1/34 : Grass_03_default.emat
  [ 62%] Satmap couleurs : Surface 2/34 : SeaBed_01.emat
  [ 63%] Satmap couleurs : Surface 3/34 : Dirt_01.emat
  [ 64%] Satmap couleurs : Surface 4/34 : Grass_03.emat
  [ 65%] Satmap couleurs : Surface 5/34 : ForestDeciduous_02.emat
  [ 67%] Satmap couleurs : Surface 6/34 : Crop_Field_01.emat
  [ 68%] Satmap couleurs : Surface 7/34 : Crop_Field_02.emat
  [ 69%] Satmap couleurs : Surface 8/34 : Debris_Rock_01.emat
  [ 70%] Satmap couleurs : Surface 9/34 : Rock_01.emat
  [ 71%] Satmap couleurs : Surface 10/34 : Dirt_02.emat
  [ 72%] Satmap couleurs : Surface 11/34 : Pebbles_01.emat
  [ 74%] Satmap couleurs : Surface 12/34 : Pebbles_02.emat
  [ 75%] Satmap couleurs : Surface 13/34 : Asphalt_01.emat
  [ 76%] Satmap couleurs : Surface 14/34 : Concrete_01.emat
  [ 77%] Satmap couleurs : Surface 15/34 : Grass_01.emat
  [ 78%] Satmap couleurs : Surface 16/34 : ZI_Crop_Field_03.emat
  [ 80%] Satmap couleurs : Surface 17/34 : Cobblestone_01_Wave.emat
  [ 81%] Satmap couleurs : Surface 18/34 : Concrete_02.emat
  [ 82%] Satmap couleurs : Surface 19/34 : ForestConiferous_02.emat
  [ 83%] Satmap couleurs : Surface 20/34 : Grass_02.emat
  [ 84%] Satmap couleurs : Surface 21/34 : Heather_01.emat
  [ 85%] Satmap couleurs : Surface 22/34 : MountainGrass_01.emat
  [ 87%] Satmap couleurs : Surface 23/34 : ForestClearing_Coniferous_01.emat
  [ 88%] Satmap couleurs : Surface 24/34 : ForestConiferous_01_Base.emat
  [ 89%] Satmap couleurs : Surface 25/34 : ForestDeciduous_01_Base.emat
  [ 90%] Satmap couleurs : Surface 26/34 : ZI_Crop_Field_01.emat
  [ 91%] Satmap couleurs : Surface 27/34 : ZI_Crop_Field_02.emat
  [ 92%] Satmap couleurs : Surface 28/34 : ZI_Crop_Field_04.emat
  [ 94%] Satmap couleurs : Surface 29/34 : ZI_Crop_Field_Cut_01.emat
  [ 95%] Satmap couleurs : Surface 30/34 : ZI_Crop_Field_Cut_02.emat
  [ 96%] Satmap couleurs : Surface 31/34 : MountainGrass_01_aut.emat
  [ 97%] Satmap couleurs : Surface 32/34 : Grass_01_aut.emat
  [ 98%] Satmap couleurs : Surface 33/34 : Rock_02.emat
  [100%] Satmap couleurs : Surface 34/34 : MountainGrass_02.emat
  [ 98%] Satmap couleurs : Normalisation finale
  [ 99%] Satmap couleurs : Sauvegarde PNG
  [100%] Terminé

[OK] Satmap couleurs : 4097×4097 px en 11.28s
     Fichier : output\satmap_simple\satmap_colors.png
     Surfaces : 34

────────────────────────────────────────────────────────────────────────────────
TEST 2 : MODE TEXTURE (qualite)
────────────────────────────────────────────────────────────────────────────────

  [  0%] Initialisation
  [ 10%] Lecture terrain QTRE
[INFO] Auto-détection dimensions terrain depuis 1076 .ttile...
  [200/1076] Analyse en cours...
  [400/1076] Analyse en cours...
  [600/1076] Analyse en cours...
  [800/1076] Analyse en cours...
  [1000/1076] Analyse en cours...
  [1076/1076] Analyse en cours...
[INFO] Dimensions détectées : 128×128 blocs
[INFO] ✅ Dimensions validées (carte 16km standard)
[INFO] Résolution native : 16384×16384 px
[INFO] Résolution export : 4097×4097 px (downscale 0.250x pour économiser RAM)
  [ 10%] Export masques : Tuile 1/1076
  [ 10%] Export masques : Tuile 2/1076
  [ 10%] Export masques : Tuile 3/1076
  [ 10%] Export masques : Tuile 4/1076
  [ 10%] Export masques : Tuile 5/1076
  [ 10%] Export masques : Tuile 6/1076
  [ 10%] Export masques : Tuile 7/1076
  [ 10%] Export masques : Tuile 8/1076
  [ 10%] Export masques : Tuile 9/1076
  [ 10%] Export masques : Tuile 10/1076
  [ 10%] Export masques : Tuile 11/1076
  [ 10%] Export masques : Tuile 12/1076
  [ 10%] Export masques : Tuile 13/1076
  [ 10%] Export masques : Tuile 14/1076
  [ 10%] Export masques : Tuile 15/1076
  [ 10%] Export masques : Tuile 16/1076
  [ 10%] Export masques : Tuile 17/1076
  [ 10%] Export masques : Tuile 18/1076
  [ 10%] Export masques : Tuile 19/1076
  [ 10%] Export masques : Tuile 20/1076
  [ 10%] Export masques : Tuile 21/1076
  [ 10%] Export masques : Tuile 22/1076
  [ 10%] Export masques : Tuile 23/1076
  [ 10%] Export masques : Tuile 24/1076
  [ 10%] Export masques : Tuile 25/1076
  [ 10%] Export masques : Tuile 26/1076
  [ 11%] Export masques : Tuile 27/1076
  [ 11%] Export masques : Tuile 28/1076
  [ 11%] Export masques : Tuile 29/1076
  [ 11%] Export masques : Tuile 30/1076
  [ 11%] Export masques : Tuile 31/1076
  [ 11%] Export masques : Tuile 32/1076
  [ 11%] Export masques : Tuile 33/1076
  [ 11%] Export masques : Tuile 34/1076
  [ 11%] Export masques : Tuile 35/1076
  [ 11%] Export masques : Tuile 36/1076
  [ 11%] Export masques : Tuile 37/1076
  [ 11%] Export masques : Tuile 38/1076
  [ 11%] Export masques : Tuile 39/1076
  [ 11%] Export masques : Tuile 40/1076
  [ 11%] Export masques : Tuile 41/1076
  [ 11%] Export masques : Tuile 42/1076
  [ 11%] Export masques : Tuile 43/1076
  [ 11%] Export masques : Tuile 44/1076
  [ 11%] Export masques : Tuile 45/1076
  [ 11%] Export masques : Tuile 46/1076
  [ 11%] Export masques : Tuile 47/1076
  [ 11%] Export masques : Tuile 48/1076
  [ 11%] Export masques : Tuile 49/1076
  [ 11%] Export masques : Tuile 50/1076
  [ 11%] Export masques : Tuile 51/1076
  [ 11%] Export masques : Tuile 52/1076
  [ 11%] Export masques : Tuile 53/1076
  [ 12%] Export masques : Tuile 54/1076
  [ 12%] Export masques : Tuile 55/1076
  [ 12%] Export masques : Tuile 56/1076
  [ 12%] Export masques : Tuile 57/1076
  [ 12%] Export masques : Tuile 58/1076
  [ 12%] Export masques : Tuile 59/1076
  [ 12%] Export masques : Tuile 60/1076
  [ 12%] Export masques : Tuile 61/1076
  [ 12%] Export masques : Tuile 62/1076
  [ 12%] Export masques : Tuile 63/1076
  [ 12%] Export masques : Tuile 64/1076
  [ 12%] Export masques : Tuile 65/1076
  [ 12%] Export masques : Tuile 66/1076
  [ 12%] Export masques : Tuile 67/1076
  [ 12%] Export masques : Tuile 68/1076
  [ 12%] Export masques : Tuile 69/1076
  [ 12%] Export masques : Tuile 70/1076
  [ 12%] Export masques : Tuile 71/1076
  [ 12%] Export masques : Tuile 72/1076
  [ 12%] Export masques : Tuile 73/1076
  [ 12%] Export masques : Tuile 74/1076
  [ 12%] Export masques : Tuile 75/1076
  [ 12%] Export masques : Tuile 76/1076
  [ 12%] Export masques : Tuile 77/1076
  [ 12%] Export masques : Tuile 78/1076
  [ 12%] Export masques : Tuile 79/1076
  [ 12%] Export masques : Tuile 80/1076
  [ 13%] Export masques : Tuile 81/1076
  [ 13%] Export masques : Tuile 82/1076
  [ 13%] Export masques : Tuile 83/1076
  [ 13%] Export masques : Tuile 84/1076
  [ 13%] Export masques : Tuile 85/1076
  [ 13%] Export masques : Tuile 86/1076
  [ 13%] Export masques : Tuile 87/1076
  [ 13%] Export masques : Tuile 88/1076
  [ 13%] Export masques : Tuile 89/1076
  [ 13%] Export masques : Tuile 90/1076
  [ 13%] Export masques : Tuile 91/1076
  [ 13%] Export masques : Tuile 92/1076
  [ 13%] Export masques : Tuile 93/1076
  [ 13%] Export masques : Tuile 94/1076
  [ 13%] Export masques : Tuile 95/1076
  [ 13%] Export masques : Tuile 96/1076
  [ 13%] Export masques : Tuile 97/1076
  [ 13%] Export masques : Tuile 98/1076
  [ 13%] Export masques : Tuile 99/1076
  [ 13%] Export masques : Tuile 100/1076
  [ 13%] Export masques : Tuile 101/1076
  [ 13%] Export masques : Tuile 102/1076
  [ 13%] Export masques : Tuile 103/1076
  [ 13%] Export masques : Tuile 104/1076
  [ 13%] Export masques : Tuile 105/1076
  [ 13%] Export masques : Tuile 106/1076
  [ 13%] Export masques : Tuile 107/1076
  [ 14%] Export masques : Tuile 108/1076
  [ 14%] Export masques : Tuile 109/1076
  [ 14%] Export masques : Tuile 110/1076
  [ 14%] Export masques : Tuile 111/1076
  [ 14%] Export masques : Tuile 112/1076
  [ 14%] Export masques : Tuile 113/1076
  [ 14%] Export masques : Tuile 114/1076
  [ 14%] Export masques : Tuile 115/1076
  [ 14%] Export masques : Tuile 116/1076
  [ 14%] Export masques : Tuile 117/1076
  [ 14%] Export masques : Tuile 118/1076
  [ 14%] Export masques : Tuile 119/1076
  [ 14%] Export masques : Tuile 120/1076
  [ 14%] Export masques : Tuile 121/1076
  [ 14%] Export masques : Tuile 122/1076
  [ 14%] Export masques : Tuile 123/1076
  [ 14%] Export masques : Tuile 124/1076
  [ 14%] Export masques : Tuile 125/1076
  [ 14%] Export masques : Tuile 126/1076
  [ 14%] Export masques : Tuile 127/1076
  [ 14%] Export masques : Tuile 128/1076
  [ 14%] Export masques : Tuile 129/1076
  [ 14%] Export masques : Tuile 130/1076
  [ 14%] Export masques : Tuile 131/1076
  [ 14%] Export masques : Tuile 132/1076
  [ 14%] Export masques : Tuile 133/1076
  [ 14%] Export masques : Tuile 134/1076
  [ 15%] Export masques : Tuile 135/1076
  [ 15%] Export masques : Tuile 136/1076
  [ 15%] Export masques : Tuile 137/1076
  [ 15%] Export masques : Tuile 138/1076
  [ 15%] Export masques : Tuile 139/1076
  [ 15%] Export masques : Tuile 140/1076
  [ 15%] Export masques : Tuile 141/1076
  [ 15%] Export masques : Tuile 142/1076
  [ 15%] Export masques : Tuile 143/1076
  [ 15%] Export masques : Tuile 144/1076
  [ 15%] Export masques : Tuile 145/1076
  [ 15%] Export masques : Tuile 146/1076
  [ 15%] Export masques : Tuile 147/1076
  [ 15%] Export masques : Tuile 148/1076
  [ 15%] Export masques : Tuile 149/1076
  [ 15%] Export masques : Tuile 150/1076
  [ 15%] Export masques : Tuile 151/1076
  [ 15%] Export masques : Tuile 152/1076
  [ 15%] Export masques : Tuile 153/1076
  [ 15%] Export masques : Tuile 154/1076
  [ 15%] Export masques : Tuile 155/1076
  [ 15%] Export masques : Tuile 156/1076
  [ 15%] Export masques : Tuile 157/1076
  [ 15%] Export masques : Tuile 158/1076
  [ 15%] Export masques : Tuile 159/1076
  [ 15%] Export masques : Tuile 160/1076
  [ 15%] Export masques : Tuile 161/1076
  [ 16%] Export masques : Tuile 162/1076
  [ 16%] Export masques : Tuile 163/1076
  [ 16%] Export masques : Tuile 164/1076
  [ 16%] Export masques : Tuile 165/1076
  [ 16%] Export masques : Tuile 166/1076
  [ 16%] Export masques : Tuile 167/1076
  [ 16%] Export masques : Tuile 168/1076
  [ 16%] Export masques : Tuile 169/1076
  [ 16%] Export masques : Tuile 170/1076
  [ 16%] Export masques : Tuile 171/1076
  [ 16%] Export masques : Tuile 172/1076
  [ 16%] Export masques : Tuile 173/1076
  [ 16%] Export masques : Tuile 174/1076
  [ 16%] Export masques : Tuile 175/1076
  [ 16%] Export masques : Tuile 176/1076
  [ 16%] Export masques : Tuile 177/1076
  [ 16%] Export masques : Tuile 178/1076
  [ 16%] Export masques : Tuile 179/1076
  [ 16%] Export masques : Tuile 180/1076
  [ 16%] Export masques : Tuile 181/1076
  [ 16%] Export masques : Tuile 182/1076
  [ 16%] Export masques : Tuile 183/1076
  [ 16%] Export masques : Tuile 184/1076
  [ 16%] Export masques : Tuile 185/1076
  [ 16%] Export masques : Tuile 186/1076
  [ 16%] Export masques : Tuile 187/1076
  [ 16%] Export masques : Tuile 188/1076
  [ 17%] Export masques : Tuile 189/1076
  [ 17%] Export masques : Tuile 190/1076
  [ 17%] Export masques : Tuile 191/1076
  [ 17%] Export masques : Tuile 192/1076
  [ 17%] Export masques : Tuile 193/1076
  [ 17%] Export masques : Tuile 194/1076
  [ 17%] Export masques : Tuile 195/1076
  [ 17%] Export masques : Tuile 196/1076
  [ 17%] Export masques : Tuile 197/1076
  [ 17%] Export masques : Tuile 198/1076
  [ 17%] Export masques : Tuile 199/1076
  [ 17%] Export masques : Tuile 200/1076
  [ 17%] Export masques : Tuile 201/1076
  [ 17%] Export masques : Tuile 202/1076
  [ 17%] Export masques : Tuile 203/1076
  [ 17%] Export masques : Tuile 204/1076
  [ 17%] Export masques : Tuile 205/1076
  [ 17%] Export masques : Tuile 206/1076
  [ 17%] Export masques : Tuile 207/1076
  [ 17%] Export masques : Tuile 208/1076
  [ 17%] Export masques : Tuile 209/1076
  [ 17%] Export masques : Tuile 210/1076
  [ 17%] Export masques : Tuile 211/1076
  [ 17%] Export masques : Tuile 212/1076
  [ 17%] Export masques : Tuile 213/1076
  [ 17%] Export masques : Tuile 214/1076
  [ 17%] Export masques : Tuile 215/1076
  [ 18%] Export masques : Tuile 216/1076
  [ 18%] Export masques : Tuile 217/1076
  [ 18%] Export masques : Tuile 218/1076
  [ 18%] Export masques : Tuile 219/1076
  [ 18%] Export masques : Tuile 220/1076
  [ 18%] Export masques : Tuile 221/1076
  [ 18%] Export masques : Tuile 222/1076
  [ 18%] Export masques : Tuile 223/1076
  [ 18%] Export masques : Tuile 224/1076
  [ 18%] Export masques : Tuile 225/1076
  [ 18%] Export masques : Tuile 226/1076
  [ 18%] Export masques : Tuile 227/1076
  [ 18%] Export masques : Tuile 228/1076
  [ 18%] Export masques : Tuile 229/1076
  [ 18%] Export masques : Tuile 230/1076
  [ 18%] Export masques : Tuile 231/1076
  [ 18%] Export masques : Tuile 232/1076
  [ 18%] Export masques : Tuile 233/1076
  [ 18%] Export masques : Tuile 234/1076
  [ 18%] Export masques : Tuile 235/1076
  [ 18%] Export masques : Tuile 236/1076
  [ 18%] Export masques : Tuile 237/1076
  [ 18%] Export masques : Tuile 238/1076
  [ 18%] Export masques : Tuile 239/1076
  [ 18%] Export masques : Tuile 240/1076
  [ 18%] Export masques : Tuile 241/1076
  [ 18%] Export masques : Tuile 242/1076
  [ 19%] Export masques : Tuile 243/1076
  [ 19%] Export masques : Tuile 244/1076
  [ 19%] Export masques : Tuile 245/1076
  [ 19%] Export masques : Tuile 246/1076
  [ 19%] Export masques : Tuile 247/1076
  [ 19%] Export masques : Tuile 248/1076
  [ 19%] Export masques : Tuile 249/1076
  [ 19%] Export masques : Tuile 250/1076
  [ 19%] Export masques : Tuile 251/1076
  [ 19%] Export masques : Tuile 252/1076
  [ 19%] Export masques : Tuile 253/1076
  [ 19%] Export masques : Tuile 254/1076
  [ 19%] Export masques : Tuile 255/1076
  [ 19%] Export masques : Tuile 256/1076
  [ 19%] Export masques : Tuile 257/1076
  [ 19%] Export masques : Tuile 258/1076
  [ 19%] Export masques : Tuile 259/1076
  [ 19%] Export masques : Tuile 260/1076
  [ 19%] Export masques : Tuile 261/1076
  [ 19%] Export masques : Tuile 262/1076
  [ 19%] Export masques : Tuile 263/1076
  [ 19%] Export masques : Tuile 264/1076
  [ 19%] Export masques : Tuile 265/1076
  [ 19%] Export masques : Tuile 266/1076
  [ 19%] Export masques : Tuile 267/1076
  [ 19%] Export masques : Tuile 268/1076
  [ 20%] Export masques : Tuile 269/1076
  [ 20%] Export masques : Tuile 270/1076
  [ 20%] Export masques : Tuile 271/1076
  [ 20%] Export masques : Tuile 272/1076
  [ 20%] Export masques : Tuile 273/1076
  [ 20%] Export masques : Tuile 274/1076
  [ 20%] Export masques : Tuile 275/1076
  [ 20%] Export masques : Tuile 276/1076
  [ 20%] Export masques : Tuile 277/1076
  [ 20%] Export masques : Tuile 278/1076
  [ 20%] Export masques : Tuile 279/1076
  [ 20%] Export masques : Tuile 280/1076
  [ 20%] Export masques : Tuile 281/1076
  [ 20%] Export masques : Tuile 282/1076
  [ 20%] Export masques : Tuile 283/1076
  [ 20%] Export masques : Tuile 284/1076
  [ 20%] Export masques : Tuile 285/1076
  [ 20%] Export masques : Tuile 286/1076
  [ 20%] Export masques : Tuile 287/1076
  [ 20%] Export masques : Tuile 288/1076
  [ 20%] Export masques : Tuile 289/1076
  [ 20%] Export masques : Tuile 290/1076
  [ 20%] Export masques : Tuile 291/1076
  [ 20%] Export masques : Tuile 292/1076
  [ 20%] Export masques : Tuile 293/1076
  [ 20%] Export masques : Tuile 294/1076
  [ 20%] Export masques : Tuile 295/1076
  [ 21%] Export masques : Tuile 296/1076
  [ 21%] Export masques : Tuile 297/1076
  [ 21%] Export masques : Tuile 298/1076
  [ 21%] Export masques : Tuile 299/1076
  [ 21%] Export masques : Tuile 300/1076
  [ 21%] Export masques : Tuile 301/1076
  [ 21%] Export masques : Tuile 302/1076
  [ 21%] Export masques : Tuile 303/1076
  [ 21%] Export masques : Tuile 304/1076
  [ 21%] Export masques : Tuile 305/1076
  [ 21%] Export masques : Tuile 306/1076
  [ 21%] Export masques : Tuile 307/1076
  [ 21%] Export masques : Tuile 308/1076
  [ 21%] Export masques : Tuile 309/1076
  [ 21%] Export masques : Tuile 310/1076
  [ 21%] Export masques : Tuile 311/1076
  [ 21%] Export masques : Tuile 312/1076
  [ 21%] Export masques : Tuile 313/1076
  [ 21%] Export masques : Tuile 314/1076
  [ 21%] Export masques : Tuile 315/1076
  [ 21%] Export masques : Tuile 316/1076
  [ 21%] Export masques : Tuile 317/1076
  [ 21%] Export masques : Tuile 318/1076
  [ 21%] Export masques : Tuile 319/1076
  [ 21%] Export masques : Tuile 320/1076
  [ 21%] Export masques : Tuile 321/1076
  [ 21%] Export masques : Tuile 322/1076
  [ 22%] Export masques : Tuile 323/1076
  [ 22%] Export masques : Tuile 324/1076
  [ 22%] Export masques : Tuile 325/1076
  [ 22%] Export masques : Tuile 326/1076
  [ 22%] Export masques : Tuile 327/1076
  [ 22%] Export masques : Tuile 328/1076
  [ 22%] Export masques : Tuile 329/1076
  [ 22%] Export masques : Tuile 330/1076
  [ 22%] Export masques : Tuile 331/1076
  [ 22%] Export masques : Tuile 332/1076
  [ 22%] Export masques : Tuile 333/1076
  [ 22%] Export masques : Tuile 334/1076
  [ 22%] Export masques : Tuile 335/1076
  [ 22%] Export masques : Tuile 336/1076
  [ 22%] Export masques : Tuile 337/1076
  [ 22%] Export masques : Tuile 338/1076
  [ 22%] Export masques : Tuile 339/1076
  [ 22%] Export masques : Tuile 340/1076
  [ 22%] Export masques : Tuile 341/1076
  [ 22%] Export masques : Tuile 342/1076
  [ 22%] Export masques : Tuile 343/1076
  [ 22%] Export masques : Tuile 344/1076
  [ 22%] Export masques : Tuile 345/1076
  [ 22%] Export masques : Tuile 346/1076
  [ 22%] Export masques : Tuile 347/1076
  [ 22%] Export masques : Tuile 348/1076
  [ 22%] Export masques : Tuile 349/1076
  [ 23%] Export masques : Tuile 350/1076
  [ 23%] Export masques : Tuile 351/1076
  [ 23%] Export masques : Tuile 352/1076
  [ 23%] Export masques : Tuile 353/1076
  [ 23%] Export masques : Tuile 354/1076
  [ 23%] Export masques : Tuile 355/1076
  [ 23%] Export masques : Tuile 356/1076
  [ 23%] Export masques : Tuile 357/1076
  [ 23%] Export masques : Tuile 358/1076
  [ 23%] Export masques : Tuile 359/1076
  [ 23%] Export masques : Tuile 360/1076
  [ 23%] Export masques : Tuile 361/1076
  [ 23%] Export masques : Tuile 362/1076
  [ 23%] Export masques : Tuile 363/1076
  [ 23%] Export masques : Tuile 364/1076
  [ 23%] Export masques : Tuile 365/1076
  [ 23%] Export masques : Tuile 366/1076
  [ 23%] Export masques : Tuile 367/1076
  [ 23%] Export masques : Tuile 368/1076
  [ 23%] Export masques : Tuile 369/1076
  [ 23%] Export masques : Tuile 370/1076
  [ 23%] Export masques : Tuile 371/1076
  [ 23%] Export masques : Tuile 372/1076
  [ 23%] Export masques : Tuile 373/1076
  [ 23%] Export masques : Tuile 374/1076
  [ 23%] Export masques : Tuile 375/1076
  [ 23%] Export masques : Tuile 376/1076
  [ 24%] Export masques : Tuile 377/1076
  [ 24%] Export masques : Tuile 378/1076
  [ 24%] Export masques : Tuile 379/1076
  [ 24%] Export masques : Tuile 380/1076
  [ 24%] Export masques : Tuile 381/1076
  [ 24%] Export masques : Tuile 382/1076
  [ 24%] Export masques : Tuile 383/1076
  [ 24%] Export masques : Tuile 384/1076
  [ 24%] Export masques : Tuile 385/1076
  [ 24%] Export masques : Tuile 386/1076
  [ 24%] Export masques : Tuile 387/1076
  [ 24%] Export masques : Tuile 388/1076
  [ 24%] Export masques : Tuile 389/1076
  [ 24%] Export masques : Tuile 390/1076
  [ 24%] Export masques : Tuile 391/1076
  [ 24%] Export masques : Tuile 392/1076
  [ 24%] Export masques : Tuile 393/1076
  [ 24%] Export masques : Tuile 394/1076
  [ 24%] Export masques : Tuile 395/1076
  [ 24%] Export masques : Tuile 396/1076
  [ 24%] Export masques : Tuile 397/1076
  [ 24%] Export masques : Tuile 398/1076
  [ 24%] Export masques : Tuile 399/1076
  [ 24%] Export masques : Tuile 400/1076
  [ 24%] Export masques : Tuile 401/1076
  [ 24%] Export masques : Tuile 402/1076
  [ 24%] Export masques : Tuile 403/1076
  [ 25%] Export masques : Tuile 404/1076
  [ 25%] Export masques : Tuile 405/1076
  [ 25%] Export masques : Tuile 406/1076
  [ 25%] Export masques : Tuile 407/1076
  [ 25%] Export masques : Tuile 408/1076
  [ 25%] Export masques : Tuile 409/1076
  [ 25%] Export masques : Tuile 410/1076
  [ 25%] Export masques : Tuile 411/1076
  [ 25%] Export masques : Tuile 412/1076
  [ 25%] Export masques : Tuile 413/1076
  [ 25%] Export masques : Tuile 414/1076
  [ 25%] Export masques : Tuile 415/1076
  [ 25%] Export masques : Tuile 416/1076
  [ 25%] Export masques : Tuile 417/1076
  [ 25%] Export masques : Tuile 418/1076
  [ 25%] Export masques : Tuile 419/1076
  [ 25%] Export masques : Tuile 420/1076
  [ 25%] Export masques : Tuile 421/1076
  [ 25%] Export masques : Tuile 422/1076
  [ 25%] Export masques : Tuile 423/1076
  [ 25%] Export masques : Tuile 424/1076
  [ 25%] Export masques : Tuile 425/1076
  [ 25%] Export masques : Tuile 426/1076
  [ 25%] Export masques : Tuile 427/1076
  [ 25%] Export masques : Tuile 428/1076
  [ 25%] Export masques : Tuile 429/1076
  [ 25%] Export masques : Tuile 430/1076
  [ 26%] Export masques : Tuile 431/1076
  [ 26%] Export masques : Tuile 432/1076
  [ 26%] Export masques : Tuile 433/1076
  [ 26%] Export masques : Tuile 434/1076
  [ 26%] Export masques : Tuile 435/1076
  [ 26%] Export masques : Tuile 436/1076
  [ 26%] Export masques : Tuile 437/1076
  [ 26%] Export masques : Tuile 438/1076
  [ 26%] Export masques : Tuile 439/1076
  [ 26%] Export masques : Tuile 440/1076
  [ 26%] Export masques : Tuile 441/1076
  [ 26%] Export masques : Tuile 442/1076
  [ 26%] Export masques : Tuile 443/1076
  [ 26%] Export masques : Tuile 444/1076
  [ 26%] Export masques : Tuile 445/1076
  [ 26%] Export masques : Tuile 446/1076
  [ 26%] Export masques : Tuile 447/1076
  [ 26%] Export masques : Tuile 448/1076
  [ 26%] Export masques : Tuile 449/1076
  [ 26%] Export masques : Tuile 450/1076
  [ 26%] Export masques : Tuile 451/1076
  [ 26%] Export masques : Tuile 452/1076
  [ 26%] Export masques : Tuile 453/1076
  [ 26%] Export masques : Tuile 454/1076
  [ 26%] Export masques : Tuile 455/1076
  [ 26%] Export masques : Tuile 456/1076
  [ 26%] Export masques : Tuile 457/1076
  [ 27%] Export masques : Tuile 458/1076
  [ 27%] Export masques : Tuile 459/1076
  [ 27%] Export masques : Tuile 460/1076
  [ 27%] Export masques : Tuile 461/1076
  [ 27%] Export masques : Tuile 462/1076
  [ 27%] Export masques : Tuile 463/1076
  [ 27%] Export masques : Tuile 464/1076
  [ 27%] Export masques : Tuile 465/1076
  [ 27%] Export masques : Tuile 466/1076
  [ 27%] Export masques : Tuile 467/1076
  [ 27%] Export masques : Tuile 468/1076
  [ 27%] Export masques : Tuile 469/1076
  [ 27%] Export masques : Tuile 470/1076
  [ 27%] Export masques : Tuile 471/1076
  [ 27%] Export masques : Tuile 472/1076
  [ 27%] Export masques : Tuile 473/1076
  [ 27%] Export masques : Tuile 474/1076
  [ 27%] Export masques : Tuile 475/1076
  [ 27%] Export masques : Tuile 476/1076
  [ 27%] Export masques : Tuile 477/1076
  [ 27%] Export masques : Tuile 478/1076
  [ 27%] Export masques : Tuile 479/1076
  [ 27%] Export masques : Tuile 480/1076
  [ 27%] Export masques : Tuile 481/1076
  [ 27%] Export masques : Tuile 482/1076
  [ 27%] Export masques : Tuile 483/1076
  [ 27%] Export masques : Tuile 484/1076
  [ 28%] Export masques : Tuile 485/1076
  [ 28%] Export masques : Tuile 486/1076
  [ 28%] Export masques : Tuile 487/1076
  [ 28%] Export masques : Tuile 488/1076
  [ 28%] Export masques : Tuile 489/1076
  [ 28%] Export masques : Tuile 490/1076
  [ 28%] Export masques : Tuile 491/1076
  [ 28%] Export masques : Tuile 492/1076
  [ 28%] Export masques : Tuile 493/1076
  [ 28%] Export masques : Tuile 494/1076
  [ 28%] Export masques : Tuile 495/1076
  [ 28%] Export masques : Tuile 496/1076
  [ 28%] Export masques : Tuile 497/1076
  [ 28%] Export masques : Tuile 498/1076
  [ 28%] Export masques : Tuile 499/1076
  [ 28%] Export masques : Tuile 500/1076
  [ 28%] Export masques : Tuile 501/1076
  [ 28%] Export masques : Tuile 502/1076
  [ 28%] Export masques : Tuile 503/1076
  [ 28%] Export masques : Tuile 504/1076
  [ 28%] Export masques : Tuile 505/1076
  [ 28%] Export masques : Tuile 506/1076
  [ 28%] Export masques : Tuile 507/1076
  [ 28%] Export masques : Tuile 508/1076
  [ 28%] Export masques : Tuile 509/1076
  [ 28%] Export masques : Tuile 510/1076
  [ 28%] Export masques : Tuile 511/1076
  [ 29%] Export masques : Tuile 512/1076
  [ 29%] Export masques : Tuile 513/1076
  [ 29%] Export masques : Tuile 514/1076
  [ 29%] Export masques : Tuile 515/1076
  [ 29%] Export masques : Tuile 516/1076
  [ 29%] Export masques : Tuile 517/1076
  [ 29%] Export masques : Tuile 518/1076
  [ 29%] Export masques : Tuile 519/1076
  [ 29%] Export masques : Tuile 520/1076
  [ 29%] Export masques : Tuile 521/1076
  [ 29%] Export masques : Tuile 522/1076
  [ 29%] Export masques : Tuile 523/1076
  [ 29%] Export masques : Tuile 524/1076
  [ 29%] Export masques : Tuile 525/1076
  [ 29%] Export masques : Tuile 526/1076
  [ 29%] Export masques : Tuile 527/1076
  [ 29%] Export masques : Tuile 528/1076
  [ 29%] Export masques : Tuile 529/1076
  [ 29%] Export masques : Tuile 530/1076
  [ 29%] Export masques : Tuile 531/1076
  [ 29%] Export masques : Tuile 532/1076
  [ 29%] Export masques : Tuile 533/1076
  [ 29%] Export masques : Tuile 534/1076
  [ 29%] Export masques : Tuile 535/1076
  [ 29%] Export masques : Tuile 536/1076
  [ 29%] Export masques : Tuile 537/1076
  [ 30%] Export masques : Tuile 538/1076
  [ 30%] Export masques : Tuile 539/1076
  [ 30%] Export masques : Tuile 540/1076
  [ 30%] Export masques : Tuile 541/1076
  [ 30%] Export masques : Tuile 542/1076
  [ 30%] Export masques : Tuile 543/1076
  [ 30%] Export masques : Tuile 544/1076
  [ 30%] Export masques : Tuile 545/1076
  [ 30%] Export masques : Tuile 546/1076
  [ 30%] Export masques : Tuile 547/1076
  [ 30%] Export masques : Tuile 548/1076
  [ 30%] Export masques : Tuile 549/1076
  [ 30%] Export masques : Tuile 550/1076
  [ 30%] Export masques : Tuile 551/1076
  [ 30%] Export masques : Tuile 552/1076
  [ 30%] Export masques : Tuile 553/1076
  [ 30%] Export masques : Tuile 554/1076
  [ 30%] Export masques : Tuile 555/1076
  [ 30%] Export masques : Tuile 556/1076
  [ 30%] Export masques : Tuile 557/1076
  [ 30%] Export masques : Tuile 558/1076
  [ 30%] Export masques : Tuile 559/1076
  [ 30%] Export masques : Tuile 560/1076
  [ 30%] Export masques : Tuile 561/1076
  [ 30%] Export masques : Tuile 562/1076
  [ 30%] Export masques : Tuile 563/1076
  [ 30%] Export masques : Tuile 564/1076
  [ 31%] Export masques : Tuile 565/1076
  [ 31%] Export masques : Tuile 566/1076
  [ 31%] Export masques : Tuile 567/1076
  [ 31%] Export masques : Tuile 568/1076
  [ 31%] Export masques : Tuile 569/1076
  [ 31%] Export masques : Tuile 570/1076
  [ 31%] Export masques : Tuile 571/1076
  [ 31%] Export masques : Tuile 572/1076
  [ 31%] Export masques : Tuile 573/1076
  [ 31%] Export masques : Tuile 574/1076
  [ 31%] Export masques : Tuile 575/1076
  [ 31%] Export masques : Tuile 576/1076
  [ 31%] Export masques : Tuile 577/1076
  [ 31%] Export masques : Tuile 578/1076
  [ 31%] Export masques : Tuile 579/1076
  [ 31%] Export masques : Tuile 580/1076
  [ 31%] Export masques : Tuile 581/1076
  [ 31%] Export masques : Tuile 582/1076
  [ 31%] Export masques : Tuile 583/1076
  [ 31%] Export masques : Tuile 584/1076
  [ 31%] Export masques : Tuile 585/1076
  [ 31%] Export masques : Tuile 586/1076
  [ 31%] Export masques : Tuile 587/1076
  [ 31%] Export masques : Tuile 588/1076
  [ 31%] Export masques : Tuile 589/1076
  [ 31%] Export masques : Tuile 590/1076
  [ 31%] Export masques : Tuile 591/1076
  [ 32%] Export masques : Tuile 592/1076
  [ 32%] Export masques : Tuile 593/1076
  [ 32%] Export masques : Tuile 594/1076
  [ 32%] Export masques : Tuile 595/1076
  [ 32%] Export masques : Tuile 596/1076
  [ 32%] Export masques : Tuile 597/1076
  [ 32%] Export masques : Tuile 598/1076
  [ 32%] Export masques : Tuile 599/1076
  [ 32%] Export masques : Tuile 600/1076
  [ 32%] Export masques : Tuile 601/1076
  [ 32%] Export masques : Tuile 602/1076
  [ 32%] Export masques : Tuile 603/1076
  [ 32%] Export masques : Tuile 604/1076
  [ 32%] Export masques : Tuile 605/1076
  [ 32%] Export masques : Tuile 606/1076
  [ 32%] Export masques : Tuile 607/1076
  [ 32%] Export masques : Tuile 608/1076
  [ 32%] Export masques : Tuile 609/1076
  [ 32%] Export masques : Tuile 610/1076
  [ 32%] Export masques : Tuile 611/1076
  [ 32%] Export masques : Tuile 612/1076
  [ 32%] Export masques : Tuile 613/1076
  [ 32%] Export masques : Tuile 614/1076
  [ 32%] Export masques : Tuile 615/1076
  [ 32%] Export masques : Tuile 616/1076
  [ 32%] Export masques : Tuile 617/1076
  [ 32%] Export masques : Tuile 618/1076
  [ 33%] Export masques : Tuile 619/1076
  [ 33%] Export masques : Tuile 620/1076
  [ 33%] Export masques : Tuile 621/1076
  [ 33%] Export masques : Tuile 622/1076
  [ 33%] Export masques : Tuile 623/1076
  [ 33%] Export masques : Tuile 624/1076
  [ 33%] Export masques : Tuile 625/1076
  [ 33%] Export masques : Tuile 626/1076
  [ 33%] Export masques : Tuile 627/1076
  [ 33%] Export masques : Tuile 628/1076
  [ 33%] Export masques : Tuile 629/1076
  [ 33%] Export masques : Tuile 630/1076
  [ 33%] Export masques : Tuile 631/1076
  [ 33%] Export masques : Tuile 632/1076
  [ 33%] Export masques : Tuile 633/1076
  [ 33%] Export masques : Tuile 634/1076
  [ 33%] Export masques : Tuile 635/1076
  [ 33%] Export masques : Tuile 636/1076
  [ 33%] Export masques : Tuile 637/1076
  [ 33%] Export masques : Tuile 638/1076
  [ 33%] Export masques : Tuile 639/1076
  [ 33%] Export masques : Tuile 640/1076
  [ 33%] Export masques : Tuile 641/1076
  [ 33%] Export masques : Tuile 642/1076
  [ 33%] Export masques : Tuile 643/1076
  [ 33%] Export masques : Tuile 644/1076
  [ 33%] Export masques : Tuile 645/1076
  [ 34%] Export masques : Tuile 646/1076
  [ 34%] Export masques : Tuile 647/1076
  [ 34%] Export masques : Tuile 648/1076
  [ 34%] Export masques : Tuile 649/1076
  [ 34%] Export masques : Tuile 650/1076
  [ 34%] Export masques : Tuile 651/1076
  [ 34%] Export masques : Tuile 652/1076
  [ 34%] Export masques : Tuile 653/1076
  [ 34%] Export masques : Tuile 654/1076
  [ 34%] Export masques : Tuile 655/1076
  [ 34%] Export masques : Tuile 656/1076
  [ 34%] Export masques : Tuile 657/1076
  [ 34%] Export masques : Tuile 658/1076
  [ 34%] Export masques : Tuile 659/1076
  [ 34%] Export masques : Tuile 660/1076
  [ 34%] Export masques : Tuile 661/1076
  [ 34%] Export masques : Tuile 662/1076
  [ 34%] Export masques : Tuile 663/1076
  [ 34%] Export masques : Tuile 664/1076
  [ 34%] Export masques : Tuile 665/1076
  [ 34%] Export masques : Tuile 666/1076
  [ 34%] Export masques : Tuile 667/1076
  [ 34%] Export masques : Tuile 668/1076
  [ 34%] Export masques : Tuile 669/1076
  [ 34%] Export masques : Tuile 670/1076
  [ 34%] Export masques : Tuile 671/1076
  [ 34%] Export masques : Tuile 672/1076
  [ 35%] Export masques : Tuile 673/1076
  [ 35%] Export masques : Tuile 674/1076
  [ 35%] Export masques : Tuile 675/1076
  [ 35%] Export masques : Tuile 676/1076
  [ 35%] Export masques : Tuile 677/1076
  [ 35%] Export masques : Tuile 678/1076
  [ 35%] Export masques : Tuile 679/1076
  [ 35%] Export masques : Tuile 680/1076
  [ 35%] Export masques : Tuile 681/1076
  [ 35%] Export masques : Tuile 682/1076
  [ 35%] Export masques : Tuile 683/1076
  [ 35%] Export masques : Tuile 684/1076
  [ 35%] Export masques : Tuile 685/1076
  [ 35%] Export masques : Tuile 686/1076
  [ 35%] Export masques : Tuile 687/1076
  [ 35%] Export masques : Tuile 688/1076
  [ 35%] Export masques : Tuile 689/1076
  [ 35%] Export masques : Tuile 690/1076
  [ 35%] Export masques : Tuile 691/1076
  [ 35%] Export masques : Tuile 692/1076
  [ 35%] Export masques : Tuile 693/1076
  [ 35%] Export masques : Tuile 694/1076
  [ 35%] Export masques : Tuile 695/1076
  [ 35%] Export masques : Tuile 696/1076
  [ 35%] Export masques : Tuile 697/1076
  [ 35%] Export masques : Tuile 698/1076
  [ 35%] Export masques : Tuile 699/1076
  [ 36%] Export masques : Tuile 700/1076
  [ 36%] Export masques : Tuile 701/1076
  [ 36%] Export masques : Tuile 702/1076
  [ 36%] Export masques : Tuile 703/1076
  [ 36%] Export masques : Tuile 704/1076
  [ 36%] Export masques : Tuile 705/1076
  [ 36%] Export masques : Tuile 706/1076
  [ 36%] Export masques : Tuile 707/1076
  [ 36%] Export masques : Tuile 708/1076
  [ 36%] Export masques : Tuile 709/1076
  [ 36%] Export masques : Tuile 710/1076
  [ 36%] Export masques : Tuile 711/1076
  [ 36%] Export masques : Tuile 712/1076
  [ 36%] Export masques : Tuile 713/1076
  [ 36%] Export masques : Tuile 714/1076
  [ 36%] Export masques : Tuile 715/1076
  [ 36%] Export masques : Tuile 716/1076
  [ 36%] Export masques : Tuile 717/1076
  [ 36%] Export masques : Tuile 718/1076
  [ 36%] Export masques : Tuile 719/1076
  [ 36%] Export masques : Tuile 720/1076
  [ 36%] Export masques : Tuile 721/1076
  [ 36%] Export masques : Tuile 722/1076
  [ 36%] Export masques : Tuile 723/1076
  [ 36%] Export masques : Tuile 724/1076
  [ 36%] Export masques : Tuile 725/1076
  [ 36%] Export masques : Tuile 726/1076
  [ 37%] Export masques : Tuile 727/1076
  [ 37%] Export masques : Tuile 728/1076
  [ 37%] Export masques : Tuile 729/1076
  [ 37%] Export masques : Tuile 730/1076
  [ 37%] Export masques : Tuile 731/1076
  [ 37%] Export masques : Tuile 732/1076
  [ 37%] Export masques : Tuile 733/1076
  [ 37%] Export masques : Tuile 734/1076
  [ 37%] Export masques : Tuile 735/1076
  [ 37%] Export masques : Tuile 736/1076
  [ 37%] Export masques : Tuile 737/1076
  [ 37%] Export masques : Tuile 738/1076
  [ 37%] Export masques : Tuile 739/1076
  [ 37%] Export masques : Tuile 740/1076
  [ 37%] Export masques : Tuile 741/1076
  [ 37%] Export masques : Tuile 742/1076
  [ 37%] Export masques : Tuile 743/1076
  [ 37%] Export masques : Tuile 744/1076
  [ 37%] Export masques : Tuile 745/1076
  [ 37%] Export masques : Tuile 746/1076
  [ 37%] Export masques : Tuile 747/1076
  [ 37%] Export masques : Tuile 748/1076
  [ 37%] Export masques : Tuile 749/1076
  [ 37%] Export masques : Tuile 750/1076
  [ 37%] Export masques : Tuile 751/1076
  [ 37%] Export masques : Tuile 752/1076
  [ 37%] Export masques : Tuile 753/1076
  [ 38%] Export masques : Tuile 754/1076
  [ 38%] Export masques : Tuile 755/1076
  [ 38%] Export masques : Tuile 756/1076
  [ 38%] Export masques : Tuile 757/1076
  [ 38%] Export masques : Tuile 758/1076
  [ 38%] Export masques : Tuile 759/1076
  [ 38%] Export masques : Tuile 760/1076
  [ 38%] Export masques : Tuile 761/1076
  [ 38%] Export masques : Tuile 762/1076
  [ 38%] Export masques : Tuile 763/1076
  [ 38%] Export masques : Tuile 764/1076
  [ 38%] Export masques : Tuile 765/1076
  [ 38%] Export masques : Tuile 766/1076
  [ 38%] Export masques : Tuile 767/1076
  [ 38%] Export masques : Tuile 768/1076
  [ 38%] Export masques : Tuile 769/1076
  [ 38%] Export masques : Tuile 770/1076
  [ 38%] Export masques : Tuile 771/1076
  [ 38%] Export masques : Tuile 772/1076
  [ 38%] Export masques : Tuile 773/1076
  [ 38%] Export masques : Tuile 774/1076
  [ 38%] Export masques : Tuile 775/1076
  [ 38%] Export masques : Tuile 776/1076
  [ 38%] Export masques : Tuile 777/1076
  [ 38%] Export masques : Tuile 778/1076
  [ 38%] Export masques : Tuile 779/1076
  [ 38%] Export masques : Tuile 780/1076
  [ 39%] Export masques : Tuile 781/1076
  [ 39%] Export masques : Tuile 782/1076
  [ 39%] Export masques : Tuile 783/1076
  [ 39%] Export masques : Tuile 784/1076
  [ 39%] Export masques : Tuile 785/1076
  [ 39%] Export masques : Tuile 786/1076
  [ 39%] Export masques : Tuile 787/1076
  [ 39%] Export masques : Tuile 788/1076
  [ 39%] Export masques : Tuile 789/1076
  [ 39%] Export masques : Tuile 790/1076
  [ 39%] Export masques : Tuile 791/1076
  [ 39%] Export masques : Tuile 792/1076
  [ 39%] Export masques : Tuile 793/1076
  [ 39%] Export masques : Tuile 794/1076
  [ 39%] Export masques : Tuile 795/1076
  [ 39%] Export masques : Tuile 796/1076
  [ 39%] Export masques : Tuile 797/1076
  [ 39%] Export masques : Tuile 798/1076
  [ 39%] Export masques : Tuile 799/1076
  [ 39%] Export masques : Tuile 800/1076
  [ 39%] Export masques : Tuile 801/1076
  [ 39%] Export masques : Tuile 802/1076
  [ 39%] Export masques : Tuile 803/1076
  [ 39%] Export masques : Tuile 804/1076
  [ 39%] Export masques : Tuile 805/1076
  [ 39%] Export masques : Tuile 806/1076
  [ 40%] Export masques : Tuile 807/1076
  [ 40%] Export masques : Tuile 808/1076
  [ 40%] Export masques : Tuile 809/1076
  [ 40%] Export masques : Tuile 810/1076
  [ 40%] Export masques : Tuile 811/1076
  [ 40%] Export masques : Tuile 812/1076
  [ 40%] Export masques : Tuile 813/1076
  [ 40%] Export masques : Tuile 814/1076
  [ 40%] Export masques : Tuile 815/1076
  [ 40%] Export masques : Tuile 816/1076
  [ 40%] Export masques : Tuile 817/1076
  [ 40%] Export masques : Tuile 818/1076
  [ 40%] Export masques : Tuile 819/1076
  [ 40%] Export masques : Tuile 820/1076
  [ 40%] Export masques : Tuile 821/1076
  [ 40%] Export masques : Tuile 822/1076
  [ 40%] Export masques : Tuile 823/1076
  [ 40%] Export masques : Tuile 824/1076
  [ 40%] Export masques : Tuile 825/1076
  [ 40%] Export masques : Tuile 826/1076
  [ 40%] Export masques : Tuile 827/1076
  [ 40%] Export masques : Tuile 828/1076
  [ 40%] Export masques : Tuile 829/1076
  [ 40%] Export masques : Tuile 830/1076
  [ 40%] Export masques : Tuile 831/1076
  [ 40%] Export masques : Tuile 832/1076
  [ 40%] Export masques : Tuile 833/1076
  [ 41%] Export masques : Tuile 834/1076
  [ 41%] Export masques : Tuile 835/1076
  [ 41%] Export masques : Tuile 836/1076
  [ 41%] Export masques : Tuile 837/1076
  [ 41%] Export masques : Tuile 838/1076
  [ 41%] Export masques : Tuile 839/1076
  [ 41%] Export masques : Tuile 840/1076
  [ 41%] Export masques : Tuile 841/1076
  [ 41%] Export masques : Tuile 842/1076
  [ 41%] Export masques : Tuile 843/1076
  [ 41%] Export masques : Tuile 844/1076
  [ 41%] Export masques : Tuile 845/1076
  [ 41%] Export masques : Tuile 846/1076
  [ 41%] Export masques : Tuile 847/1076
  [ 41%] Export masques : Tuile 848/1076
  [ 41%] Export masques : Tuile 849/1076
  [ 41%] Export masques : Tuile 850/1076
  [ 41%] Export masques : Tuile 851/1076
  [ 41%] Export masques : Tuile 852/1076
  [ 41%] Export masques : Tuile 853/1076
  [ 41%] Export masques : Tuile 854/1076
  [ 41%] Export masques : Tuile 855/1076
  [ 41%] Export masques : Tuile 856/1076
  [ 41%] Export masques : Tuile 857/1076
  [ 41%] Export masques : Tuile 858/1076
  [ 41%] Export masques : Tuile 859/1076
  [ 41%] Export masques : Tuile 860/1076
  [ 42%] Export masques : Tuile 861/1076
  [ 42%] Export masques : Tuile 862/1076
  [ 42%] Export masques : Tuile 863/1076
  [ 42%] Export masques : Tuile 864/1076
  [ 42%] Export masques : Tuile 865/1076
  [ 42%] Export masques : Tuile 866/1076
  [ 42%] Export masques : Tuile 867/1076
  [ 42%] Export masques : Tuile 868/1076
  [ 42%] Export masques : Tuile 869/1076
  [ 42%] Export masques : Tuile 870/1076
  [ 42%] Export masques : Tuile 871/1076
  [ 42%] Export masques : Tuile 872/1076
  [ 42%] Export masques : Tuile 873/1076
  [ 42%] Export masques : Tuile 874/1076
  [ 42%] Export masques : Tuile 875/1076
  [ 42%] Export masques : Tuile 876/1076
  [ 42%] Export masques : Tuile 877/1076
  [ 42%] Export masques : Tuile 878/1076
  [ 42%] Export masques : Tuile 879/1076
  [ 42%] Export masques : Tuile 880/1076
  [ 42%] Export masques : Tuile 881/1076
  [ 42%] Export masques : Tuile 882/1076
  [ 42%] Export masques : Tuile 883/1076
  [ 42%] Export masques : Tuile 884/1076
  [ 42%] Export masques : Tuile 885/1076
  [ 42%] Export masques : Tuile 886/1076
  [ 42%] Export masques : Tuile 887/1076
  [ 43%] Export masques : Tuile 888/1076
  [ 43%] Export masques : Tuile 889/1076
  [ 43%] Export masques : Tuile 890/1076
  [ 43%] Export masques : Tuile 891/1076
  [ 43%] Export masques : Tuile 892/1076
  [ 43%] Export masques : Tuile 893/1076
  [ 43%] Export masques : Tuile 894/1076
  [ 43%] Export masques : Tuile 895/1076
  [ 43%] Export masques : Tuile 896/1076
  [ 43%] Export masques : Tuile 897/1076
  [ 43%] Export masques : Tuile 898/1076
  [ 43%] Export masques : Tuile 899/1076
  [ 43%] Export masques : Tuile 900/1076
  [ 43%] Export masques : Tuile 901/1076
  [ 43%] Export masques : Tuile 902/1076
  [ 43%] Export masques : Tuile 903/1076
  [ 43%] Export masques : Tuile 904/1076
  [ 43%] Export masques : Tuile 905/1076
  [ 43%] Export masques : Tuile 906/1076
  [ 43%] Export masques : Tuile 907/1076
  [ 43%] Export masques : Tuile 908/1076
  [ 43%] Export masques : Tuile 909/1076
  [ 43%] Export masques : Tuile 910/1076
  [ 43%] Export masques : Tuile 911/1076
  [ 43%] Export masques : Tuile 912/1076
  [ 43%] Export masques : Tuile 913/1076
  [ 43%] Export masques : Tuile 914/1076
  [ 44%] Export masques : Tuile 915/1076
  [ 44%] Export masques : Tuile 916/1076
  [ 44%] Export masques : Tuile 917/1076
  [ 44%] Export masques : Tuile 918/1076
  [ 44%] Export masques : Tuile 919/1076
  [ 44%] Export masques : Tuile 920/1076
  [ 44%] Export masques : Tuile 921/1076
  [ 44%] Export masques : Tuile 922/1076
  [ 44%] Export masques : Tuile 923/1076
  [ 44%] Export masques : Tuile 924/1076
  [ 44%] Export masques : Tuile 925/1076
  [ 44%] Export masques : Tuile 926/1076
  [ 44%] Export masques : Tuile 927/1076
  [ 44%] Export masques : Tuile 928/1076
  [ 44%] Export masques : Tuile 929/1076
  [ 44%] Export masques : Tuile 930/1076
  [ 44%] Export masques : Tuile 931/1076
  [ 44%] Export masques : Tuile 932/1076
  [ 44%] Export masques : Tuile 933/1076
  [ 44%] Export masques : Tuile 934/1076
  [ 44%] Export masques : Tuile 935/1076
  [ 44%] Export masques : Tuile 936/1076
  [ 44%] Export masques : Tuile 937/1076
  [ 44%] Export masques : Tuile 938/1076
  [ 44%] Export masques : Tuile 939/1076
  [ 44%] Export masques : Tuile 940/1076
  [ 44%] Export masques : Tuile 941/1076
  [ 45%] Export masques : Tuile 942/1076
  [ 45%] Export masques : Tuile 943/1076
  [ 45%] Export masques : Tuile 944/1076
  [ 45%] Export masques : Tuile 945/1076
  [ 45%] Export masques : Tuile 946/1076
  [ 45%] Export masques : Tuile 947/1076
  [ 45%] Export masques : Tuile 948/1076
  [ 45%] Export masques : Tuile 949/1076
  [ 45%] Export masques : Tuile 950/1076
  [ 45%] Export masques : Tuile 951/1076
  [ 45%] Export masques : Tuile 952/1076
  [ 45%] Export masques : Tuile 953/1076
  [ 45%] Export masques : Tuile 954/1076
  [ 45%] Export masques : Tuile 955/1076
  [ 45%] Export masques : Tuile 956/1076
  [ 45%] Export masques : Tuile 957/1076
  [ 45%] Export masques : Tuile 958/1076
  [ 45%] Export masques : Tuile 959/1076
  [ 45%] Export masques : Tuile 960/1076
  [ 45%] Export masques : Tuile 961/1076
  [ 45%] Export masques : Tuile 962/1076
  [ 45%] Export masques : Tuile 963/1076
  [ 45%] Export masques : Tuile 964/1076
  [ 45%] Export masques : Tuile 965/1076
  [ 45%] Export masques : Tuile 966/1076
  [ 45%] Export masques : Tuile 967/1076
  [ 45%] Export masques : Tuile 968/1076
  [ 46%] Export masques : Tuile 969/1076
  [ 46%] Export masques : Tuile 970/1076
  [ 46%] Export masques : Tuile 971/1076
  [ 46%] Export masques : Tuile 972/1076
  [ 46%] Export masques : Tuile 973/1076
  [ 46%] Export masques : Tuile 974/1076
  [ 46%] Export masques : Tuile 975/1076
  [ 46%] Export masques : Tuile 976/1076
  [ 46%] Export masques : Tuile 977/1076
  [ 46%] Export masques : Tuile 978/1076
  [ 46%] Export masques : Tuile 979/1076
  [ 46%] Export masques : Tuile 980/1076
  [ 46%] Export masques : Tuile 981/1076
  [ 46%] Export masques : Tuile 982/1076
  [ 46%] Export masques : Tuile 983/1076
  [ 46%] Export masques : Tuile 984/1076
  [ 46%] Export masques : Tuile 985/1076
  [ 46%] Export masques : Tuile 986/1076
  [ 46%] Export masques : Tuile 987/1076
  [ 46%] Export masques : Tuile 988/1076
  [ 46%] Export masques : Tuile 989/1076
  [ 46%] Export masques : Tuile 990/1076
  [ 46%] Export masques : Tuile 991/1076
  [ 46%] Export masques : Tuile 992/1076
  [ 46%] Export masques : Tuile 993/1076
  [ 46%] Export masques : Tuile 994/1076
  [ 46%] Export masques : Tuile 995/1076
  [ 47%] Export masques : Tuile 996/1076
  [ 47%] Export masques : Tuile 997/1076
  [ 47%] Export masques : Tuile 998/1076
  [ 47%] Export masques : Tuile 999/1076
  [ 47%] Export masques : Tuile 1000/1076
  [ 47%] Export masques : Tuile 1001/1076
  [ 47%] Export masques : Tuile 1002/1076
  [ 47%] Export masques : Tuile 1003/1076
  [ 47%] Export masques : Tuile 1004/1076
  [ 47%] Export masques : Tuile 1005/1076
  [ 47%] Export masques : Tuile 1006/1076
  [ 47%] Export masques : Tuile 1007/1076
  [ 47%] Export masques : Tuile 1008/1076
  [ 47%] Export masques : Tuile 1009/1076
  [ 47%] Export masques : Tuile 1010/1076
  [ 47%] Export masques : Tuile 1011/1076
  [ 47%] Export masques : Tuile 1012/1076
  [ 47%] Export masques : Tuile 1013/1076
  [ 47%] Export masques : Tuile 1014/1076
  [ 47%] Export masques : Tuile 1015/1076
  [ 47%] Export masques : Tuile 1016/1076
  [ 47%] Export masques : Tuile 1017/1076
  [ 47%] Export masques : Tuile 1018/1076
  [ 47%] Export masques : Tuile 1019/1076
  [ 47%] Export masques : Tuile 1020/1076
  [ 47%] Export masques : Tuile 1021/1076
  [ 47%] Export masques : Tuile 1022/1076
  [ 48%] Export masques : Tuile 1023/1076
  [ 48%] Export masques : Tuile 1024/1076
  [ 48%] Export masques : Tuile 1025/1076
  [ 48%] Export masques : Tuile 1026/1076
  [ 48%] Export masques : Tuile 1027/1076
  [ 48%] Export masques : Tuile 1028/1076
  [ 48%] Export masques : Tuile 1029/1076
  [ 48%] Export masques : Tuile 1030/1076
  [ 48%] Export masques : Tuile 1031/1076
  [ 48%] Export masques : Tuile 1032/1076
  [ 48%] Export masques : Tuile 1033/1076
  [ 48%] Export masques : Tuile 1034/1076
  [ 48%] Export masques : Tuile 1035/1076
  [ 48%] Export masques : Tuile 1036/1076
  [ 48%] Export masques : Tuile 1037/1076
  [ 48%] Export masques : Tuile 1038/1076
  [ 48%] Export masques : Tuile 1039/1076
  [ 48%] Export masques : Tuile 1040/1076
  [ 48%] Export masques : Tuile 1041/1076
  [ 48%] Export masques : Tuile 1042/1076
  [ 48%] Export masques : Tuile 1043/1076
  [ 48%] Export masques : Tuile 1044/1076
  [ 48%] Export masques : Tuile 1045/1076
  [ 48%] Export masques : Tuile 1046/1076
  [ 48%] Export masques : Tuile 1047/1076
  [ 48%] Export masques : Tuile 1048/1076
  [ 48%] Export masques : Tuile 1049/1076
  [ 49%] Export masques : Tuile 1050/1076
  [ 49%] Export masques : Tuile 1051/1076
  [ 49%] Export masques : Tuile 1052/1076
  [ 49%] Export masques : Tuile 1053/1076
  [ 49%] Export masques : Tuile 1054/1076
  [ 49%] Export masques : Tuile 1055/1076
  [ 49%] Export masques : Tuile 1056/1076
  [ 49%] Export masques : Tuile 1057/1076
  [ 49%] Export masques : Tuile 1058/1076
  [ 49%] Export masques : Tuile 1059/1076
  [ 49%] Export masques : Tuile 1060/1076
  [ 49%] Export masques : Tuile 1061/1076
  [ 49%] Export masques : Tuile 1062/1076
  [ 49%] Export masques : Tuile 1063/1076
  [ 49%] Export masques : Tuile 1064/1076
  [ 49%] Export masques : Tuile 1065/1076
  [ 49%] Export masques : Tuile 1066/1076
  [ 49%] Export masques : Tuile 1067/1076
  [ 49%] Export masques : Tuile 1068/1076
  [ 49%] Export masques : Tuile 1069/1076
  [ 49%] Export masques : Tuile 1070/1076
  [ 49%] Export masques : Tuile 1071/1076
  [ 49%] Export masques : Tuile 1072/1076
  [ 49%] Export masques : Tuile 1073/1076
  [ 49%] Export masques : Tuile 1074/1076
  [ 49%] Export masques : Tuile 1075/1076
  [ 50%] Export masques : Tuile 1076/1076
  [ 50%] Chargement masques
[WARN] Masque manquant : BeachGrass_01.png
[WARN] Masque manquant : ForestPine_01_Base.png
[WARN] Masque manquant : ForestClearing_Deciduous_01.png
[WARN] Masque manquant : Grass_03_coastal.png
[WARN] Masque manquant : ZI_Ground_Sport_01.png
[WARN] Masque manquant : SulfurStream_01_bed.png
[WARN] Masque manquant : MountainGrass_03_aut.png
[WARN] Masque manquant : MountainGrass_02_aut.png
[WARN] Masque manquant : Heather_01_aut.png
[WARN] Masque manquant : Grass_03_aut.png
[WARN] Masque manquant : Grass_02_aut.png
[WARN] Masque manquant : Grass_01_aut_leaves.png
[WARN] Masque manquant : ForestPine_01_Base_aut.png
[WARN] Masque manquant : ForestDeciduous_02_aut.png
[WARN] Masque manquant : ForestDeciduous_01_Base_aut.png
[WARN] Masque manquant : ForestConiferous_02_aut.png
[WARN] Masque manquant : ForestConiferous_01_Base_aut.png
[WARN] Masque manquant : ForestClearing_Deciduous_01_aut.png
[WARN] Masque manquant : ForestClearing_Coniferous_01_aut.png
[WARN] Masque manquant : Debris_Coal_03.png
[WARN] Masque manquant : Debris_Coal_02.png
[WARN] Masque manquant : Debris_Coal_01.png
[WARN] Masque manquant : MountainGrass_03.png
[WARN] Masque manquant : Dirt_03.png
[WARN] Masque manquant : zi_MountainGrass_02.png
[WARN] Masque manquant : zi_MountainGrass_04.png
[WARN] Masque manquant : zi_Heather_01.png
  [ 60%] Génération satmap texturée
  [ 60%] Satmap texturée : Initialisation rendu 4097×4097 px
  [ 60%] Satmap texturée : Bande 1/9 (lignes 0-512)
  [ 64%] Satmap texturée : Bande 2/9 (lignes 512-1024)
  [ 68%] Satmap texturée : Bande 3/9 (lignes 1024-1536)
  [ 73%] Satmap texturée : Bande 4/9 (lignes 1536-2048)
  [ 77%] Satmap texturée : Bande 5/9 (lignes 2048-2560)
  [ 82%] Satmap texturée : Bande 6/9 (lignes 2560-3072)
  [ 86%] Satmap texturée : Bande 7/9 (lignes 3072-3584)
  [ 91%] Satmap texturée : Bande 8/9 (lignes 3584-4096)
  [ 95%] Satmap texturée : Bande 9/9 (lignes 4096-4097)
  [ 99%] Satmap texturée : Sauvegarde PNG finale
  [100%] Terminé

[OK] Satmap texturee : 4097×4097 px en 17.29s
     Fichier : output\satmap_simple\satmap_textured.png
     Surfaces : 34

================================================================================
TESTS TERMINES
================================================================================

Fichiers generes :
  Satmap couleurs  : output\satmap_simple\satmap_colors.png
  Satmap texturee  : output\satmap_simple\satmap_textured.png

