[1/15] Chargement heightmap: data\projects\Zimnitrita\sources\temp_Terrain_modified3.asc
  Resolution: 4097x4097
  Cellsize: 4m/px
  Altitude: -204.8m -> 499.6m
[2/15] Calcul pentes...
  Min: 0.0, Max: 88.0, Median: 6.7
[8/15] Auto-calibration parametres...
  [AUTO] coastal_alt_max_m = 11.5m (P10)
  [AUTO] grass_low_max_m = 38.4m (P30)
  [AUTO] grass_mid_max_m = 102.6m (P66)
  [AUTO] grass_high_max_m = 166.9m (P80)
  [AUTO] debris_min_deg = 10.4 (P65)
  [AUTO] rock_min_deg = 19.9 (P85)
  [AUTO] flow_threshold = 0.500 (P90)
[1/15] Chargement heightmap: data\projects\Zimnitrita\sources\temp_Terrain_modified3.asc
  Resolution: 4097x4097
  Cellsize: 4m/px
  Altitude: -204.8m -> 499.6m
[2/15] Calcul pentes...
  Min: 0.0, Max: 88.0, Median: 6.7
[8/15] Auto-calibration parametres...
  [AUTO] coastal_alt_max_m = 11.5m (P10)
  [AUTO] grass_low_max_m = 38.4m (P30)
  [AUTO] grass_mid_max_m = 102.6m (P66)
  [AUTO] grass_high_max_m = 166.9m (P80)
  [AUTO] debris_min_deg = 10.4 (P65)
  [AUTO] rock_min_deg = 19.9 (P85)
  [AUTO] flow_threshold = 0.500 (P90)
[1/15] Chargement heightmap: data\projects\Zimnitrita\sources\temp_Terrain_modified3.asc
  Resolution: 4097x4097
  Cellsize: 4m/px
  Altitude: -204.8m -> 499.6m
[2/15] Calcul pentes...
  Min: 0.0, Max: 88.0, Median: 6.7
[8/15] Auto-calibration parametres...
  [AUTO] coastal_alt_max_m = 11.5m (P10)
  [AUTO] grass_low_max_m = 38.4m (P30)
  [AUTO] grass_mid_max_m = 102.6m (P66)
  [AUTO] grass_high_max_m = 166.9m (P80)
  [AUTO] debris_min_deg = 10.4 (P65)
  [AUTO] rock_min_deg = 19.9 (P85)
  [AUTO] flow_threshold = 0.500 (P90)
[1/15] Chargement heightmap: data\projects\Zimnitrita\sources\temp_Terrain_modified3.asc
  Resolution: 4097x4097
  Cellsize: 4m/px
  Altitude: -204.8m -> 499.6m
[2/15] Calcul pentes...
  Min: 0.0, Max: 88.0, Median: 6.7
[3/15] Calcul curvature...
  Min: -1.00, Max: 1.00
[4/15] Calcul TPI local + macro...
  TPI local: 100.0m (25px)
  TPI macro: 500.0m (125px)
[5/15] Calcul flow accumulation (D8)...
  Flow max: 1.000
[6/15] Calcul distance cotiere...
  Distance max: 3238m
[3/15] Calcul aspect et coefficient humidite...
  Aspect: 0-360 degres
  Humidity: min=0.40, max=1.00
[7/15] Calcul roughness locale...
  Rayon: 5px (20.0m)
  Min: 0.000, Max: 1.000
[8/15] Auto-calibration parametres...
[1/15] Chargement heightmap: data\projects\Zimnitrita\sources\temp_Terrain_modified3.asc
  Resolution: 4097x4097
  Cellsize: 4m/px
  Altitude: -204.8m -> 499.6m
[2/15] Calcul pentes...
  Min: 0.0, Max: 88.0, Median: 6.7
[3/15] Calcul curvature...
  Min: -1.00, Max: 1.00
[4/15] Calcul TPI local + macro...
  TPI local: 100.0m (25px)
  TPI macro: 500.0m (125px)
[5/15] Calcul flow accumulation (D8)...
  Flow max: 1.000
[6/15] Calcul distance cotiere...
  Distance max: 3238m
[3/15] Calcul aspect et coefficient humidite...
  Aspect: 0-360 degres
  Humidity: min=0.40, max=1.00
[7/15] Calcul roughness locale...
[1/15] Chargement heightmap: data\projects\Zimnitrita\sources\temp_Terrain_modified3.asc
  Rayon: 5px (20.0m)
  Min: 0.000, Max: 1.000
[8/15] Auto-calibration parametres...
  Resolution: 4097x4097
  Cellsize: 4m/px
  Altitude: -204.8m -> 499.6m
[2/15] Calcul pentes...
  Min: 0.0, Max: 88.0, Median: 6.7
[8/15] Auto-calibration parametres...
  [AUTO] coastal_alt_max_m = 11.5m (P10)
  [AUTO] grass_low_max_m = 38.4m (P30)
  [AUTO] grass_mid_max_m = 102.6m (P66)
  [AUTO] grass_high_max_m = 166.9m (P80)
  [AUTO] debris_min_deg = 10.4 (P65)
  [AUTO] rock_min_deg = 19.9 (P85)
  [AUTO] flow_threshold = 0.500 (P90)
[1/15] Chargement heightmap: temp_Terrain_modified3.asc
  Resolution: 4097x4097
  Cellsize: 4m/px
  Altitude: -204.8m -> 499.6m
[2/15] Calcul pentes...
  Min: 0.0, Max: 88.0, Median: 6.7
[3/15] Calcul curvature...
  Min: -1.00, Max: 1.00
[4/15] Calcul TPI local + macro...
  TPI local: 100.0m (25px)
  TPI macro: 500.0m (125px)
[5/15] Calcul flow accumulation (D8)...
  Flow max: 1.000
[6/15] Calcul distance cotiere...
  Distance max: 3238m
[3/15] Calcul aspect et coefficient humidite...
  Aspect: 0-360 degres
  Humidity: min=0.40, max=1.00
[7/15] Calcul roughness locale...
  Rayon: 5px (20.0m)
  Min: 0.000, Max: 1.000
[8/15] Auto-calibration parametres...
[1/15] Chargement heightmap: temp_Terrain_modified3.asc
  Resolution: 4097x4097
  Cellsize: 4m/px
  Altitude: -204.8m -> 499.6m
[2/15] Calcul pentes...
  Min: 0.0, Max: 88.0, Median: 6.7
[8/15] Auto-calibration parametres...
  [AUTO] coastal_alt_max_m = 11.5m (P10)
  [AUTO] grass_low_max_m = 38.4m (P30)
  [AUTO] grass_mid_max_m = 102.6m (P66)
  [AUTO] grass_high_max_m = 166.9m (P80)
  [AUTO] debris_min_deg = 10.4 (P65)
  [AUTO] rock_min_deg = 19.9 (P85)
  [AUTO] flow_threshold = 0.500 (P90)
[1/15] Chargement heightmap: temp_Terrain_modified3.asc
  Resolution: 4097x4097
  Cellsize: 4m/px
  Altitude: -204.8m -> 499.6m
[2/15] Calcul pentes...
  Min: 0.0, Max: 88.0, Median: 6.7
[3/15] Calcul curvature...
  Min: -1.00, Max: 1.00
[4/15] Calcul TPI local + macro...
  TPI local: 100.0m (25px)
  TPI macro: 500.0m (125px)
[5/15] Calcul flow accumulation (D8)...
  Flow max: 1.000
[6/15] Calcul distance cotiere...
  Distance max: 3238m
[3/15] Calcul aspect et coefficient humidite...
  Aspect: 0-360 degres
  Humidity: min=0.40, max=1.00
[7/15] Calcul roughness locale...
  Rayon: 5px (20.0m)
  Min: 0.000, Max: 1.000
[8/15] Auto-calibration parametres...
[1/15] Chargement heightmap: data\projects\Zimnitrita\sources\temp_Terrain_modified3.asc
  Resolution: 4097x4097
  Cellsize: 4m/px
  Altitude: -204.8m -> 499.6m
[2/15] Calcul pentes...
  Min: 0.0, Max: 88.0, Median: 6.7
[3/15] Calcul curvature...
  Min: -1.00, Max: 1.00
[4/15] Calcul TPI local + macro...
  TPI local: 100.0m (25px)
  TPI macro: 500.0m (125px)
[5/15] Calcul flow accumulation (D8)...
[1/15] Chargement heightmap: data\projects\Zimnitrita\sources\temp_Terrain_modified3.asc
  Flow max: 1.000
[6/15] Calcul distance cotiere...
  Distance max: 3238m
[3/15] Calcul aspect et coefficient humidite...
  Resolution: 4097x4097
  Cellsize: 4m/px
  Altitude: -204.8m -> 499.6m
[2/15] Calcul pentes...
  Aspect: 0-360 degres
  Humidity: min=0.40, max=1.00
[7/15] Calcul roughness locale...
  Min: 0.0, Max: 88.0, Median: 6.7
[1/15] Chargement heightmap: temp_Terrain_modified3.asc
  Rayon: 5px (20.0m)
  Min: 0.000, Max: 1.000
[8/15] Auto-calibration parametres...
  Resolution: 4097x4097
  Cellsize: 4m/px
  Altitude: -204.8m -> 499.6m
[1/15] Chargement heightmap: data\projects\Zimnitrita\sources\temp_Terrain_modified3.asc
  Resolution: 4097x4097
  Cellsize: 4m/px
  Altitude: -204.8m -> 499.6m
[2/15] Calcul pentes...
  Min: 0.0, Max: 88.0, Median: 6.7
[3/15] Calcul curvature...
  Min: -1.00, Max: 1.00
[4/15] Calcul TPI local + macro...
  TPI local: 100.0m (25px)
  TPI macro: 500.0m (125px)
[5/15] Calcul flow accumulation (D8)...
[1/15] Chargement heightmap: data\projects\Zimnitrita\sources\temp_Terrain_modified3.asc
  Flow max: 1.000
  Resolution: 4097x4097
  Cellsize: 4m/px
  Altitude: -204.8m -> 499.6m
[2/15] Calcul pentes...
  Min: 0.0, Max: 88.0, Median: 6.7
[1/15] Chargement heightmap: temp_Terrain_modified3.asc
  Resolution: 4097x4097
  Cellsize: 4m/px
  Altitude: -204.8m -> 499.6m
[2/15] Calcul pentes...
  Min: 0.0, Max: 88.0, Median: 6.7
[3/15] Calcul curvature...
  Min: -1.00, Max: 1.00
[4/15] Calcul TPI local + macro...
  TPI local: 100.0m (25px)
  TPI macro: 500.0m (125px)
[5/15] Calcul flow accumulation (D8)...
  Flow max: 1.000
[6/15] Calcul distance cotiere...
  Distance max: 3238m
[3/15] Calcul aspect et coefficient humidite...
  Aspect: 0-360 degres
  Humidity: min=0.40, max=1.00
[7/15] Calcul roughness locale...
  Rayon: 5px (20.0m)
  Min: 0.000, Max: 1.000
[8/15] Auto-calibration parametres...
[1/15] Chargement heightmap: temp_Terrain_modified3.asc
  Resolution: 4097x4097
  Cellsize: 4m/px
  Altitude: -204.8m -> 499.6m
[2/15] Calcul pentes...
  Min: 0.0, Max: 88.0, Median: 6.7
[8/15] Auto-calibration parametres...
  [AUTO] coastal_alt_max_m = 11.5m (P10)
  [AUTO] grass_low_max_m = 38.4m (P30)
  [AUTO] grass_mid_max_m = 102.6m (P66)
  [AUTO] grass_high_max_m = 166.9m (P80)
  [AUTO] debris_min_deg = 10.4 (P65)
  [AUTO] rock_min_deg = 19.9 (P85)
  [AUTO] flow_threshold = 0.500 (P90)
[1/15] Chargement heightmap: data\projects\Zimnitrita\sources\temp_Terrain_modified3.asc
  Resolution: 4097x4097
  Cellsize: 4m/px
  Altitude: -204.8m -> 499.6m
[2/15] Calcul pentes...
  Min: 0.0, Max: 88.0, Median: 6.7
[3/15] Calcul curvature...
  Min: -1.00, Max: 1.00
[4/15] Calcul TPI local + macro...
  TPI local: 100.0m (25px)
  TPI macro: 500.0m (125px)
[5/15] Calcul flow accumulation (D8)...
  Flow max: 1.000
[6/15] Calcul distance cotiere...
  Distance max: 3238m
[3/15] Calcul aspect et coefficient humidite...
  Aspect: 0-360 degres
  Humidity: min=0.40, max=1.00
[7/15] Calcul roughness locale...
  Rayon: 5px (20.0m)
  Min: 0.000, Max: 1.000
[8/15] Auto-calibration parametres...
  [AUTO] coastal_alt_max_m = 11.5m (P10)
  [AUTO] grass_low_max_m = 38.4m (P30)
  [AUTO] grass_mid_max_m = 102.6m (P66)
  [AUTO] grass_high_max_m = 166.9m (P80)
  [AUTO] debris_min_deg = 10.4 (P65)
  [AUTO] rock_min_deg = 19.9 (P85)
  [AUTO] flow_threshold = 0.070 (P90)
[1/15] Chargement heightmap: data\projects\Zimnitrita\sources\temp_Terrain_modified3.asc
  Resolution: 4097x4097
  Cellsize: 4m/px
  Altitude: -204.8m -> 499.6m
[2/15] Calcul pentes...
  Min: 0.0, Max: 88.0, Median: 6.7
[3/15] Calcul curvature...
  Min: -1.00, Max: 1.00
[4/15] Calcul TPI local + macro...
  TPI local: 100.0m (25px)
  TPI macro: 500.0m (125px)
[5/15] Calcul flow accumulation (D8)...
[1/15] Chargement heightmap: data\projects\Zimnitrita\sources\temp_Terrain_modified3.asc
  Flow max: 1.000
  Resolution: 4097x4097
  Cellsize: 4m/px
  Altitude: -204.8m -> 499.6m
[2/15] Calcul pentes...
  Min: 0.0, Max: 88.0, Median: 6.7
[1/15] Chargement heightmap: temp_Terrain_modified3.asc
  Resolution: 4097x4097
  Cellsize: 4m/px
  Altitude: -204.8m -> 499.6m
[2/15] Calcul pentes...
  Min: 0.0, Max: 88.0, Median: 6.7
[3/15] Calcul curvature...
  Min: -1.00, Max: 1.00
[4/15] Calcul TPI local + macro...
  TPI local: 100.0m (25px)
  TPI macro: 500.0m (125px)
[5/15] Calcul flow accumulation (D8)...
  Flow max: 1.000
[6/15] Calcul distance cotiere...
  Distance max: 3238m
[3/15] Calcul aspect et coefficient humidite...
  Aspect: 0-360 degres
  Humidity: min=0.40, max=1.00
[7/15] Calcul roughness locale...
  Rayon: 5px (20.0m)
  Min: 0.000, Max: 1.000
[1/15] Chargement heightmap: data\projects\Zimnitrita\sources\temp_Terrain_modified3.asc
  Resolution: 4097x4097
  Cellsize: 4m/px
  Altitude: -204.8m -> 499.6m
[2/15] Calcul pentes...
  Min: 0.0, Max: 88.0, Median: 6.7
[3/15] Calcul curvature...
  Min: -1.00, Max: 1.00
[4/15] Calcul TPI local + macro...
  TPI local: 100.0m (25px)
  TPI macro: 500.0m (125px)
[5/15] Calcul flow accumulation (D8)...
  Flow max: 1.000
[6/15] Calcul distance cotiere...
  Distance max: 3238m
[3/15] Calcul aspect et coefficient humidite...
  Aspect: 0-360 degres
  Humidity: min=0.40, max=1.00
[7/15] Calcul roughness locale...
[1/15] Chargement heightmap: data\projects\Zimnitrita\sources\temp_Terrain_modified3.asc
  Rayon: 5px (20.0m)
  Min: 0.000, Max: 1.000
  Resolution: 4097x4097
  Cellsize: 4m/px
  Altitude: -204.8m -> 499.6m
[2/15] Calcul pentes...
  Min: 0.0, Max: 88.0, Median: 6.7
[1/15] Chargement heightmap: temp_Terrain_modified3.asc
  Resolution: 4097x4097
  Cellsize: 4m/px
  Altitude: -204.8m -> 499.6m
[2/15] Calcul pentes...
  Min: 0.0, Max: 88.0, Median: 6.7
[3/15] Calcul curvature...
  Min: -1.00, Max: 1.00
[4/15] Calcul TPI local + macro...
  TPI local: 100.0m (25px)
  TPI macro: 500.0m (125px)
[5/15] Calcul flow accumulation (D8)...
  Flow max: 1.000
[6/15] Calcul distance cotiere...
  Distance max: 3238m
[3/15] Calcul aspect et coefficient humidite...
  Aspect: 0-360 degres
  Humidity: min=0.40, max=1.00
[7/15] Calcul roughness locale...
  Rayon: 5px (20.0m)
  Min: 0.000, Max: 1.000
[8/15] Auto-calibration parametres...
  [AUTO] coastal_alt_max_m = 11.5m (P10)
  [AUTO] grass_low_max_m = 38.4m (P30)
  [AUTO] grass_mid_max_m = 102.6m (P66)
  [AUTO] grass_high_max_m = 166.9m (P80)
  [AUTO] debris_min_deg = 10.4 (P65)
  [AUTO] rock_min_deg = 19.9 (P85)
  [AUTO] flow_threshold = 0.070 (P90)
[1/15] Chargement heightmap: data\projects\Zimnitrita\sources\temp_Terrain_modified3.asc
  Resolution: 4097x4097
  Cellsize: 4m/px
  Altitude: -204.8m -> 499.6m
[2/15] Calcul pentes...
  Min: 0.0, Max: 88.0, Median: 6.7
[3/15] Calcul curvature...
  Min: -1.00, Max: 1.00
[4/15] Calcul TPI local + macro...
  TPI local: 100.0m (25px)
  TPI macro: 500.0m (125px)
[5/15] Calcul flow accumulation (D8)...
[1/15] Chargement heightmap: data\projects\Zimnitrita\sources\temp_Terrain_modified3.asc
  Flow max: 1.000
  Resolution: 4097x4097
  Cellsize: 4m/px
  Altitude: -204.8m -> 499.6m
[2/15] Calcul pentes...
  Min: 0.0, Max: 88.0, Median: 6.7
[8/15] Auto-calibration parametres...
  [AUTO] coastal_alt_max_m = 11.5m (P10)
  [AUTO] grass_low_max_m = 38.4m (P30)
  [AUTO] grass_mid_max_m = 102.6m (P66)
  [AUTO] grass_high_max_m = 166.9m (P80)
  [AUTO] debris_min_deg = 10.4 (P65)
  [AUTO] rock_min_deg = 19.9 (P85)
  [AUTO] flow_threshold = 0.500 (P90)
[1/15] Chargement heightmap: temp_Terrain_modified3.asc
  Resolution: 4097x4097
  Cellsize: 4m/px
  Altitude: -204.8m -> 499.6m
[2/15] Calcul pentes...
  Min: 0.0, Max: 88.0, Median: 6.7
[3/15] Calcul curvature...
  Min: -1.00, Max: 1.00
[4/15] Calcul TPI local + macro...
  TPI local: 100.0m (25px)
  TPI macro: 500.0m (125px)
[5/15] Calcul flow accumulation (D8)...
  Flow max: 1.000
[6/15] Calcul distance cotiere...
  Distance max: 3238m
[3/15] Calcul aspect et coefficient humidite...
  Aspect: 0-360 degres
  Humidity: min=0.40, max=1.00
[7/15] Calcul roughness locale...
  Rayon: 5px (20.0m)
  Min: 0.000, Max: 1.000
[8/15] Auto-calibration parametres...
  [AUTO] coastal_alt_max_m = 11.5m (P10)
  [AUTO] grass_low_max_m = 38.4m (P30)
  [AUTO] grass_mid_max_m = 102.6m (P66)
  [AUTO] grass_high_max_m = 166.9m (P80)
  [AUTO] debris_min_deg = 10.4 (P65)
  [AUTO] rock_min_deg = 19.9 (P85)
  [AUTO] flow_threshold = 0.070 (P90)
[1/15] Chargement heightmap: data\projects\Zimnitrita\sources\temp_Terrain_modified3.asc
  Resolution: 4097x4097
  Cellsize: 4m/px
  Altitude: -204.8m -> 499.6m
[2/15] Calcul pentes...
  Min: 0.0, Max: 88.0, Median: 6.7
[3/15] Calcul curvature...
  Min: -1.00, Max: 1.00
[4/15] Calcul TPI local + macro...
  TPI local: 100.0m (25px)
  TPI macro: 500.0m (125px)
[5/15] Calcul flow accumulation (D8)...
[1/15] Chargement heightmap: data\projects\Zimnitrita\sources\temp_Terrain_modified3.asc
  Flow max: 1.000
  Resolution: 4097x4097
  Cellsize: 4m/px
  Altitude: -204.8m -> 499.6m
[2/15] Calcul pentes...
  Min: 0.0, Max: 88.0, Median: 6.7
[1/15] Chargement heightmap: temp_Terrain_modified3.asc
  Resolution: 4097x4097
  Cellsize: 4m/px
  Altitude: -204.8m -> 499.6m
[2/15] Calcul pentes...
  Min: 0.0, Max: 88.0, Median: 6.7
[3/15] Calcul curvature...
  Min: -1.00, Max: 1.00
[4/15] Calcul TPI local + macro...
  TPI local: 100.0m (25px)
  TPI macro: 500.0m (125px)
[5/15] Calcul flow accumulation (D8)...
  Flow max: 1.000
[6/15] Calcul distance cotiere...
  Distance max: 3238m
[3/15] Calcul aspect et coefficient humidite...
  Aspect: 0-360 degres
  Humidity: min=0.40, max=1.00
[7/15] Calcul roughness locale...
  Rayon: 5px (20.0m)
  Min: 0.000, Max: 1.000
[8/15] Auto-calibration parametres...
  [AUTO] coastal_alt_max_m = 11.5m (P10)
  [AUTO] grass_low_max_m = 38.4m (P30)
  [AUTO] grass_mid_max_m = 102.6m (P66)
  [AUTO] grass_high_max_m = 166.9m (P80)
  [AUTO] debris_min_deg = 10.4 (P65)
  [AUTO] rock_min_deg = 19.9 (P85)
  [AUTO] flow_threshold = 0.070 (P90)
[1/15] Chargement heightmap: data\projects\Zimnitrita\sources\temp_Terrain_modified3.asc
  Resolution: 4097x4097
  Cellsize: 4m/px
  Altitude: -204.8m -> 499.6m
[2/15] Calcul pentes...
  Min: 0.0, Max: 88.0, Median: 6.7
[3/15] Calcul curvature...
  Min: -1.00, Max: 1.00
[4/15] Calcul TPI local + macro...
  TPI local: 100.0m (25px)
  TPI macro: 500.0m (125px)
[5/15] Calcul flow accumulation (D8)...
[1/15] Chargement heightmap: data\projects\Zimnitrita\sources\temp_Terrain_modified3.asc
  Flow max: 1.000
  Resolution: 4097x4097
  Cellsize: 4m/px
  Altitude: -204.8m -> 499.6m
[2/15] Calcul pentes...
  Min: 0.0, Max: 88.0, Median: 6.7
[1/15] Chargement heightmap: temp_Terrain_modified3.asc
  Resolution: 4097x4097
  Cellsize: 4m/px
  Altitude: -204.8m -> 499.6m
[2/15] Calcul pentes...
  Min: 0.0, Max: 88.0, Median: 6.7
[3/15] Calcul curvature...
  Min: -1.00, Max: 1.00
[4/15] Calcul TPI local + macro...
  TPI local: 100.0m (25px)
  TPI macro: 500.0m (125px)
[5/15] Calcul flow accumulation (D8)...
  Flow max: 1.000
[6/15] Calcul distance cotiere...
  Distance max: 3238m
[3/15] Calcul aspect et coefficient humidite...
  Aspect: 0-360 degres
  Humidity: min=0.40, max=1.00
[7/15] Calcul roughness locale...
  Rayon: 5px (20.0m)
  Min: 0.000, Max: 1.000
[8/15] Auto-calibration parametres...
  [AUTO] coastal_alt_max_m = 11.5m (P10)
  [AUTO] grass_low_max_m = 38.4m (P30)
  [AUTO] grass_mid_max_m = 102.6m (P66)
  [AUTO] grass_high_max_m = 166.9m (P80)
  [AUTO] debris_min_deg = 10.4 (P65)
  [AUTO] rock_min_deg = 19.9 (P85)
  [AUTO] flow_threshold = 0.070 (P90)
[1/15] Chargement heightmap: data\projects\Zimnitrita\sources\temp_Terrain_modified3.asc
  Resolution: 4097x4097
  Cellsize: 4m/px
  Altitude: -204.8m -> 499.6m
[2/15] Calcul pentes...
  Min: 0.0, Max: 88.0, Median: 6.7
[3/15] Calcul curvature...
  Min: -1.00, Max: 1.00
[4/15] Calcul TPI local + macro...
  TPI local: 100.0m (25px)
  TPI macro: 500.0m (125px)
[5/15] Calcul flow accumulation (D8)...
[1/15] Chargement heightmap: data\projects\Zimnitrita\sources\temp_Terrain_modified3.asc
  Flow max: 1.000
  Resolution: 4097x4097
  Cellsize: 4m/px
  Altitude: -204.8m -> 499.6m
[2/15] Calcul pentes...
[1/15] Chargement heightmap: data\projects\Zimnitrita\sources\temp_Terrain_modified3.asc
  Min: 0.0, Max: 88.0, Median: 6.7
  Resolution: 4097x4097
  Cellsize: 4m/px
  Altitude: -204.8m -> 499.6m
[2/15] Calcul pentes...
  Min: 0.0, Max: 88.0, Median: 6.7
[1/15] Chargement heightmap: data\projects\Zimnitrita\sources\temp_Terrain_modified3.asc
  Resolution: 4097x4097
  Cellsize: 4m/px
  Altitude: -204.8m -> 499.6m
[2/15] Calcul pentes...
  Min: 0.0, Max: 88.0, Median: 6.7
[3/15] Calcul curvature...
  Min: -1.00, Max: 1.00
[4/15] Calcul TPI local + macro...
  TPI local: 100.0m (25px)
  TPI macro: 500.0m (125px)
[5/15] Calcul flow accumulation (D8)...
[1/15] Chargement heightmap: data\projects\Zimnitrita\sources\temp_Terrain_modified3.asc
  Resolution: 4097x4097
  Cellsize: 4m/px
  Altitude: -204.8m -> 499.6m
[2/15] Calcul pentes...
  Min: 0.0, Max: 88.0, Median: 6.7
[8/15] Auto-calibration parametres...
  [AUTO] coastal_alt_max_m = 11.5m (P10)
  [AUTO] grass_low_max_m = 38.4m (P30)
  [AUTO] grass_mid_max_m = 102.6m (P66)
  [AUTO] grass_high_max_m = 166.9m (P80)
  [AUTO] debris_min_deg = 10.4 (P65)
  [AUTO] rock_min_deg = 19.9 (P85)
  [AUTO] flow_threshold = 0.500 (P90)
  Flow max: 1.000
[1/15] Chargement heightmap: data\projects\Zimnitrita\sources\temp_Terrain_modified3.asc
  Resolution: 4097x4097
[1/15] Chargement heightmap: data\projects\Zimnitrita\sources\temp_Terrain_modified3.asc
  Cellsize: 4m/px
  Altitude: -204.8m -> 499.6m
  Resolution: 4097x4097
  Cellsize: 4m/px
  Altitude: -204.8m -> 499.6m
[2/15] Calcul pentes...
  Min: 0.0, Max: 88.0, Median: 6.7
[8/15] Auto-calibration parametres...
  [AUTO] coastal_alt_max_m = 11.5m (P10)
  [AUTO] grass_low_max_m = 38.4m (P30)
  [AUTO] grass_mid_max_m = 102.6m (P66)
  [AUTO] grass_high_max_m = 166.9m (P80)
  [AUTO] debris_min_deg = 10.4 (P65)
  [AUTO] rock_min_deg = 19.9 (P85)
  [AUTO] flow_threshold = 0.500 (P90)
[1/15] Chargement heightmap: temp_Terrain_modified3.asc
  Resolution: 4097x4097
  Cellsize: 4m/px
  Altitude: -204.8m -> 499.6m
[2/15] Calcul pentes...
  Min: 0.0, Max: 88.0, Median: 6.7
[3/15] Calcul curvature...
  Min: -1.00, Max: 1.00
[4/15] Calcul TPI local + macro...
  TPI local: 100.0m (25px)
  TPI macro: 500.0m (125px)
[5/15] Calcul flow accumulation (D8)...
  Flow max: 1.000
[6/15] Calcul distance cotiere...
  Distance max: 3238m
[3/15] Calcul aspect et coefficient humidite...
  Aspect: 0-360 degres
  Humidity: min=0.40, max=1.00
[7/15] Calcul roughness locale...
  Rayon: 5px (20.0m)
  Min: 0.000, Max: 1.000
[8/15] Auto-calibration parametres...
  [AUTO] coastal_alt_max_m = 11.5m (P10)
  [AUTO] grass_low_max_m = 38.4m (P30)
  [AUTO] grass_mid_max_m = 102.6m (P66)
  [AUTO] grass_high_max_m = 166.9m (P80)
  [AUTO] debris_min_deg = 10.4 (P65)
  [AUTO] rock_min_deg = 19.9 (P85)
  [AUTO] flow_threshold = 0.070 (P90)
================================================================================
PIPELINE V2 — Generation Masks Terrain Reforger
================================================================================
Debut: 2026-06-14 23:43:23

  [OPTIMISATION] Utilisation terrain_data pre-calcule

  Temps calculs: 0.0s (skip)

[9/15] Classification pixels (priorites strictes)...
  Distribution:
     0 seabed                   : 18.37%
     1 coastal_pebbles          :  1.15%
     2 coastal_grass            :  0.97%
     3 rock_walls               :  9.88%
     4 debris_rock              :  4.84%
     5 dirt_erosion             :  8.78%
     6 mud_river                :  0.96%
     7 forest_floor             :  5.87%
     8 mountain_grass_high      :  5.21%
     9 mountain_grass_low       :  1.62%
    10 grass_high               :  2.15%
    11 grass_mid                : 30.45%
    12 grass_low                :  9.75%
[10/15] Generation masks depuis classification...
  01_seabed: 18.37%
  02_coastal_pebbles: 1.15%
  03_coastal_grass: 0.97%
  04_rock_walls: 9.88%
  05_debris_rock: 4.84%
  06_dirt_erosion: 5.94%
  07_mud_river: 0.96%
  08_forest_floor: 3.12%
  09_mountain_grass_high: 5.21%
  10_mountain_grass_low: 1.62%
  11_grass_high: 2.15%
  12_grass_mid: 30.45%
  13_grass_low: 9.75%
[11/15] Application feathering slope-aware...
  Feathering applique (sauf seabed)
[12/16] Application exclusions mutuelles...
  [1] forest_floor vs grass : 315266 pixels corriges
  [2] debris + dirt chevauchement : 985537 pixels (debris reduit 60%)
[13/16] Normalisation masks (somme <= 1.0)...
  997176 pixels overflow (5.94%)
  Somme max apres: 1.000000
[14/16] Export masks PNG 16-bit: data\projects\Zimnitrita\generated\masks_20260614_234323
  [OK] 01_seabed                     :     2 valeurs (min=0, max=65535)
  [OK] 02_coastal_pebbles            : 61650 valeurs (min=0, max=65506)
  [OK] 03_coastal_grass              : 59534 valeurs (min=0, max=65235)
  [OK] 04_rock_walls                 : 62500 valeurs (min=0, max=65535)
  [OK] 05_debris_rock                : 63651 valeurs (min=0, max=65535)
  [OK] 06_dirt_erosion               : 44560 valeurs (min=0, max=48622)
  [OK] 07_mud_river                  : 52700 valeurs (min=0, max=65535)
  [OK] 08_forest_floor               : 51698 valeurs (min=0, max=63285)
  [OK] 09_mountain_grass_high        : 62321 valeurs (min=0, max=65535)
  [OK] 10_mountain_grass_low         : 62193 valeurs (min=0, max=65535)
  [OK] 11_grass_high                 : 62368 valeurs (min=0, max=65535)
  [OK] 12_grass_mid                  : 62588 valeurs (min=0, max=65535)
  [OK] 13_grass_low                  : 62423 valeurs (min=0, max=65535)
  Total: 13 masks exportes
[15/16] Detection texture de base...
  13_grass_low: 9.52%
  12_grass_mid: 29.78%
  11_grass_high: 2.11%
  -> Texture de base: 12_grass_mid
[16/16] Analyse budget QTRE...
  Bloc: 8x8px (32m)
  Grille: 512x512 = 262144 blocs

  Distribution:
    0 tex/bloc:  44224 blocs (16.87%) [OK]
    1 tex/bloc:  93044 blocs (35.49%) [OK]
    2 tex/bloc:  73597 blocs (28.08%) [OK]
    3 tex/bloc:  39872 blocs (15.21%) [OK]
    4 tex/bloc:  10154 blocs ( 3.87%) [LIMITE]
    5 tex/bloc:   1200 blocs ( 0.46%) [LIMITE]
    6 tex/bloc:     53 blocs ( 0.02%) [CRITIQUE]

  Budget QTRE:
    OK (<=3):      250737 (95.65%)
    Limite (4-5):   11354 (4.33%)
    Critique (6+):     53 (0.02%)
    -> Verdict: OK

================================================================================
RESUME FINAL
================================================================================

Temps total: 24.2s
Texture de base: 12_grass_mid
Verdict QTRE: OK
Output: data\projects\Zimnitrita\generated\masks_20260614_234323

Fin: 2026-06-14 23:43:48
================================================================================
[1/15] Chargement heightmap: temp_Terrain_modified3.asc
  Resolution: 4097x4097
  Cellsize: 4m/px
  Altitude: -204.8m -> 499.6m
[2/15] Calcul pentes...
  Min: 0.0, Max: 88.0, Median: 6.7
[3/15] Calcul curvature...
  Min: -1.00, Max: 1.00
[4/15] Calcul TPI local + macro...
  TPI local: 100.0m (25px)
  TPI macro: 500.0m (125px)
[5/15] Calcul flow accumulation (D8)...
  Flow max: 1.000
================================================================================
PIPELINE V2 — Generation Masks Terrain Reforger
================================================================================
Debut: 2026-06-15 00:30:32

  [OPTIMISATION] Utilisation terrain_data pre-calcule

  Temps calculs: 0.0s (skip)

[9/15] Classification pixels (priorites strictes)...
  Distribution:
     0 seabed                   : 18.37%
     1 coastal_pebbles          :  1.15%
     2 coastal_grass            :  0.97%
     3 rock_walls               :  9.88%
     4 debris_rock              :  4.84%
     5 dirt_erosion             :  8.78%
     6 mud_river                :  0.96%
     7 forest_floor             :  5.87%
     8 mountain_grass_high      :  5.21%
     9 mountain_grass_low       :  1.62%
    10 grass_high               :  2.15%
    11 grass_mid                : 30.45%
    12 grass_low                :  9.75%
[10/15] Generation masks depuis classification...
  01_seabed: 18.37%
  02_coastal_pebbles: 1.15%
  03_coastal_grass: 0.97%
  04_rock_walls: 9.88%
  05_debris_rock: 4.84%
  06_dirt_erosion: 5.94%
  07_mud_river: 0.96%
  08_forest_floor: 3.12%
  09_mountain_grass_high: 5.21%
  10_mountain_grass_low: 1.62%
  11_grass_high: 2.15%
  12_grass_mid: 30.45%
  13_grass_low: 9.75%
[11/15] Application feathering slope-aware...
  Feathering applique (sauf seabed)
[12/16] Application exclusions mutuelles...
  [1] forest_floor vs grass : 315266 pixels corriges
  [2] debris + dirt chevauchement : 985537 pixels (debris reduit 60%)
[13/16] Normalisation masks (somme <= 1.0)...
  997176 pixels overflow (5.94%)
  Somme max apres: 1.000000
[14/16] Export masks PNG 16-bit: data\projects\Zimnitrita\generated\masks_20260615_003032
  [OK] 01_seabed                     :     2 valeurs (min=0, max=65535)
  [OK] 02_coastal_pebbles            : 61650 valeurs (min=0, max=65506)
  [OK] 03_coastal_grass              : 59534 valeurs (min=0, max=65235)
  [OK] 04_rock_walls                 : 62500 valeurs (min=0, max=65535)
  [OK] 05_debris_rock                : 63651 valeurs (min=0, max=65535)
  [OK] 06_dirt_erosion               : 44560 valeurs (min=0, max=48622)
  [OK] 07_mud_river                  : 52700 valeurs (min=0, max=65535)
  [OK] 08_forest_floor               : 51698 valeurs (min=0, max=63285)
  [OK] 09_mountain_grass_high        : 62321 valeurs (min=0, max=65535)
  [OK] 10_mountain_grass_low         : 62193 valeurs (min=0, max=65535)
  [OK] 11_grass_high                 : 62368 valeurs (min=0, max=65535)
  [OK] 12_grass_mid                  : 62588 valeurs (min=0, max=65535)
  [OK] 13_grass_low                  : 62423 valeurs (min=0, max=65535)
  Total: 13 masks exportes
[15/16] Detection texture de base...
  13_grass_low: 9.52%
  12_grass_mid: 29.78%
  11_grass_high: 2.11%
  -> Texture de base: 12_grass_mid
[16/16] Analyse budget QTRE...
  Bloc: 8x8px (32m)
  Grille: 512x512 = 262144 blocs

  Distribution:
    0 tex/bloc:  44224 blocs (16.87%) [OK]
    1 tex/bloc:  93044 blocs (35.49%) [OK]
    2 tex/bloc:  73597 blocs (28.08%) [OK]
    3 tex/bloc:  39872 blocs (15.21%) [OK]
    4 tex/bloc:  10154 blocs ( 3.87%) [LIMITE]
    5 tex/bloc:   1200 blocs ( 0.46%) [LIMITE]
    6 tex/bloc:     53 blocs ( 0.02%) [CRITIQUE]

  Budget QTRE:
    OK (<=3):      250737 (95.65%)
    Limite (4-5):   11354 (4.33%)
    Critique (6+):     53 (0.02%)
    -> Verdict: OK

================================================================================
RESUME FINAL
================================================================================

Temps total: 23.8s
Texture de base: 12_grass_mid
Verdict QTRE: OK
Output: data\projects\Zimnitrita\generated\masks_20260615_003032

Fin: 2026-06-15 00:30:56
================================================================================
